<html>
<body>
<pre>
<h1>礦ision Build Log</h1>
<h2>Tool Versions:</h2>
IDE-Version: μVision V5.24.2.0
Copyright (C) 2017 ARM Ltd and ARM Germany GmbH. All rights reserved.
License Information: zz AutoBVT, Microsoft, LIC=IK156-DPVRB-X6EQZ-J6QEJ-A8NHS-B3FYQ
 
Tool Versions:
Toolchain:       MDK-ARM Plus  Version: 5.24.1
Toolchain Path:  H:\Program Files\Keil_v5\ARM\ARMCC\Bin
C Compiler:      Armcc.exe V5.06 update 5 (build 528)
Assembler:       Armasm.exe V5.06 update 5 (build 528)
Linker/Locator:  ArmLink.exe V5.06 update 5 (build 528)
Library Manager: ArmAr.exe V5.06 update 5 (build 528)
Hex Converter:   FromElf.exe V5.06 update 5 (build 528)
CPU DLL:         SARMCM3.DLL V5.24.1
Dialog DLL:      DCM.DLL V1.16.0.0
Target DLL:      Segger\JL2CM3.dll V2.99.26.0
Dialog DLL:      TARMSTM.DLL V1.66.0.0
 
<h2>Project:</h2>
F:\宁波大学\研二\工程\消防背表\程序\fireman\MDK-ARM\fireman.uvprojx
Project File Date:  03/08/2018

<h2>Output:</h2>
*** Using Compiler 'V5.06 update 5 (build 528)', folder: 'H:\Program Files\Keil_v5\ARM\ARMCC\Bin'
Build target 'fireman'
compiling speak.c...
../Inc/sys.h(10): warning:  #1-D: last line of file ends without a newline
  #endif
../Inc/wir433.h(53): warning:  #1295-D: Deprecated declaration getWirStatus - give arg types
   uint8_t getWirStatus();
../Inc/../src/user/type.h(134): warning:  #1-D: last line of file ends without a newline
  #endif
..\Src\user\speak\speak.c(213): warning:  #940-D: missing return statement at end of non-void function "spkTask" 
  }	
..\Src\user\speak\speak.c(110): warning:  #177-D: variable "stressLast"  was declared but never referenced
  	static uint16_t stressLast=1000;
..\Src\user\speak\speak.c(224): warning:  #1-D: last line of file ends without a newline
  }
..\Src\user\speak\speak.c: 6 warnings, 0 errors
linking...
Program Size: Code=35680 RO-data=3184 RW-data=8676 ZI-data=3868  
"fireman\fireman.axf" - 0 Error(s), 6 Warning(s).

<h2>Software Packages used:</h2>

Package Vendor: ARM
                http://www.keil.com/pack/ARM.CMSIS.5.0.1.pack
                ARM.CMSIS.5.0.1
                CMSIS (Cortex Microcontroller Software Interface Standard)
   * Component: CORE Version: 5.0.1

Package Vendor: Keil
                http://www.keil.com/pack/Keil.STM32F1xx_DFP.2.2.0.pack
                Keil.STM32F1xx_DFP.2.2.0
                STMicroelectronics STM32F1 Series Device Support, Drivers and Examples

<h2>Collection of Component include folders:</h2>
  .\RTE\_fireman
  H:\Program Files\Keil_v5\ARM\PACK\ARM\CMSIS\5.0.1\CMSIS\Include
  H:\Program Files\Keil_v5\ARM\PACK\Keil\STM32F1xx_DFP\2.2.0\Device\Include

<h2>Collection of Component Files used:</h2>

   * Component: ARM::CMSIS:CORE:5.0.1
Build Time Elapsed:  00:00:01
</pre>
</body>
</html>
