Component: ARM Compiler 5.06 update 5 (build 528) Tool: armlink [4d35e2]

==============================================================================

Section Cross References

    stm32f1xx_hal_msp.o(i.HAL_MspInit) refers to stm32f1xx_hal_cortex.o(i.HAL_NVIC_SetPriorityGrouping) for HAL_NVIC_SetPriorityGrouping
    stm32f1xx_hal_msp.o(i.HAL_MspInit) refers to stm32f1xx_hal_cortex.o(i.HAL_NVIC_SetPriority) for HAL_NVIC_SetPriority
    stm32f1xx_it.o(i.DMA1_Channel1_IRQHandler) refers to stm32f1xx_hal_dma.o(i.HAL_DMA_IRQHandler) for HAL_DMA_IRQHandler
    stm32f1xx_it.o(i.DMA1_Channel1_IRQHandler) refers to adc.o(.bss) for hdma_adc1
    stm32f1xx_it.o(i.DMA1_Channel2_IRQHandler) refers to stm32f1xx_hal_dma.o(i.HAL_DMA_IRQHandler) for HAL_DMA_IRQHandler
    stm32f1xx_it.o(i.DMA1_Channel2_IRQHandler) refers to usart.o(.bss) for hdma_usart3_tx
    stm32f1xx_it.o(i.DMA1_Channel3_IRQHandler) refers to stm32f1xx_hal_dma.o(i.HAL_DMA_IRQHandler) for HAL_DMA_IRQHandler
    stm32f1xx_it.o(i.DMA1_Channel3_IRQHandler) refers to usart.o(.bss) for hdma_usart3_rx
    stm32f1xx_it.o(i.DMA1_Channel6_IRQHandler) refers to stm32f1xx_hal_dma.o(i.HAL_DMA_IRQHandler) for HAL_DMA_IRQHandler
    stm32f1xx_it.o(i.DMA1_Channel6_IRQHandler) refers to usart.o(.bss) for hdma_usart2_rx
    stm32f1xx_it.o(i.DMA1_Channel7_IRQHandler) refers to stm32f1xx_hal_dma.o(i.HAL_DMA_IRQHandler) for HAL_DMA_IRQHandler
    stm32f1xx_it.o(i.DMA1_Channel7_IRQHandler) refers to usart.o(.bss) for hdma_usart2_tx
    stm32f1xx_it.o(i.EXTI15_10_IRQHandler) refers to stm32f1xx_hal_gpio.o(i.HAL_GPIO_EXTI_IRQHandler) for HAL_GPIO_EXTI_IRQHandler
    stm32f1xx_it.o(i.RTC_Alarm_IRQHandler) refers to stm32f1xx_hal_rtc.o(i.HAL_RTC_AlarmIRQHandler) for HAL_RTC_AlarmIRQHandler
    stm32f1xx_it.o(i.RTC_Alarm_IRQHandler) refers to rtc.o(.bss) for hrtc
    stm32f1xx_it.o(i.SysTick_Handler) refers to stm32f1xx_hal.o(i.HAL_IncTick) for HAL_IncTick
    stm32f1xx_it.o(i.SysTick_Handler) refers to stm32f1xx_hal_cortex.o(i.HAL_SYSTICK_IRQHandler) for HAL_SYSTICK_IRQHandler
    stm32f1xx_it.o(i.TIM1_UP_IRQHandler) refers to stm32f1xx_hal_tim.o(i.HAL_TIM_IRQHandler) for HAL_TIM_IRQHandler
    stm32f1xx_it.o(i.TIM1_UP_IRQHandler) refers to tim.o(.bss) for htim1
    stm32f1xx_it.o(i.USART2_IRQHandler) refers to stm32f1xx_hal_uart.o(i.HAL_UART_IRQHandler) for HAL_UART_IRQHandler
    stm32f1xx_it.o(i.USART2_IRQHandler) refers to usart.o(.bss) for huart2
    stm32f1xx_it.o(i.USART3_IRQHandler) refers to stm32f1xx_hal_uart.o(i.HAL_UART_IRQHandler) for HAL_UART_IRQHandler
    stm32f1xx_it.o(i.USART3_IRQHandler) refers to usart.o(.bss) for huart3
    usart.o(i.HAL_UART_MspDeInit) refers to stm32f1xx_hal_gpio.o(i.HAL_GPIO_DeInit) for HAL_GPIO_DeInit
    usart.o(i.HAL_UART_MspDeInit) refers to stm32f1xx_hal_dma.o(i.HAL_DMA_DeInit) for HAL_DMA_DeInit
    usart.o(i.HAL_UART_MspDeInit) refers to stm32f1xx_hal_cortex.o(i.HAL_NVIC_DisableIRQ) for HAL_NVIC_DisableIRQ
    usart.o(i.HAL_UART_MspInit) refers to stm32f1xx_hal_gpio.o(i.HAL_GPIO_Init) for HAL_GPIO_Init
    usart.o(i.HAL_UART_MspInit) refers to stm32f1xx_hal_dma.o(i.HAL_DMA_Init) for HAL_DMA_Init
    usart.o(i.HAL_UART_MspInit) refers to main.o(i._Error_Handler) for _Error_Handler
    usart.o(i.HAL_UART_MspInit) refers to stm32f1xx_hal_cortex.o(i.HAL_NVIC_SetPriority) for HAL_NVIC_SetPriority
    usart.o(i.HAL_UART_MspInit) refers to stm32f1xx_hal_cortex.o(i.HAL_NVIC_EnableIRQ) for HAL_NVIC_EnableIRQ
    usart.o(i.HAL_UART_MspInit) refers to usart.o(.bss) for hdma_usart2_rx
    usart.o(i.HAL_UART_RxCpltCallback) refers to stm32f1xx_hal_uart.o(i.HAL_UART_Receive) for HAL_UART_Receive
    usart.o(i.HAL_UART_RxCpltCallback) refers to wir433.o(i.pushCMD) for pushCMD
    usart.o(i.HAL_UART_RxCpltCallback) refers to stm32f1xx_hal_uart.o(i.HAL_UART_Receive_DMA) for HAL_UART_Receive_DMA
    usart.o(i.HAL_UART_RxCpltCallback) refers to usart.o(.bss) for huart2
    usart.o(i.HAL_UART_RxCpltCallback) refers to wir433.o(.bss) for wir433RecBuff
    usart.o(i.MX_USART2_UART_Init) refers to stm32f1xx_hal_uart.o(i.HAL_UART_Init) for HAL_UART_Init
    usart.o(i.MX_USART2_UART_Init) refers to main.o(i._Error_Handler) for _Error_Handler
    usart.o(i.MX_USART2_UART_Init) refers to usart.o(.bss) for huart2
    usart.o(i.MX_USART3_UART_Init) refers to stm32f1xx_hal_uart.o(i.HAL_UART_Init) for HAL_UART_Init
    usart.o(i.MX_USART3_UART_Init) refers to main.o(i._Error_Handler) for _Error_Handler
    usart.o(i.MX_USART3_UART_Init) refers to usart.o(.bss) for huart3
    gpio.o(i.HAL_GPIO_EXTI_Callback) refers to timer.o(i.StartTimer) for StartTimer
    gpio.o(i.HAL_GPIO_EXTI_Callback) refers to main.o(.bss) for para_struct
    gpio.o(i.HAL_GPIO_EXTI_Callback) refers to ble.o(.data) for recFlag
    gpio.o(i.MX_GPIO_Init) refers to stm32f1xx_hal_gpio.o(i.HAL_GPIO_WritePin) for HAL_GPIO_WritePin
    gpio.o(i.MX_GPIO_Init) refers to stm32f1xx_hal_gpio.o(i.HAL_GPIO_Init) for HAL_GPIO_Init
[...]
    .bss                                     0x20002ca8   Section       21  radio_app.o(.bss)
    .bss                                     0x20002cc0   Section       32  stm32f1xx_hal_flash.o(.bss)
    .bss                                     0x20002ce0   Section       32  si446x_api_lib.o(.bss)
    STACK                                    0x20002d00   Section     1024  startup_stm32f103xb.o(STACK)

    Global Symbols

    Symbol Name                              Value     Ov Type        Size  Object(Section)

    BuildAttributes$$THM_ISAv4$P$D$K$B$S$PE$A:L22UL41UL21$X:L11$S22US41US21$IEEE1$IW$USESV6$~STKCKD$USESV7$~SHL$OTIME$ROPI$EBA8$MICROLIB$REQ8$PRES8$EABIv2 0x00000000   Number         0  anon$$obj.o ABSOLUTE
    __ARM_use_no_argv                        0x00000000   Number         0  main.o ABSOLUTE
    __cpp_initialize__aeabi_                  - Undefined Weak Reference
    __cxa_finalize                            - Undefined Weak Reference
    _clock_init                               - Undefined Weak Reference
    _microlib_exit                            - Undefined Weak Reference
    __Vectors_Size                           0x000000ec   Number         0  startup_stm32f103xb.o ABSOLUTE
    __Vectors                                0x08000000   Data           4  startup_stm32f103xb.o(RESET)
    __Vectors_End                            0x080000ec   Data           0  startup_stm32f103xb.o(RESET)
    __main                                   0x080000ed   Thumb Code     0  entry.o(.ARM.Collect$$$$00000000)
    _main_stk                                0x080000ed   Thumb Code     0  entry2.o(.ARM.Collect$$$$00000001)
    _main_scatterload                        0x080000f1   Thumb Code     0  entry5.o(.ARM.Collect$$$$00000004)
    __main_after_scatterload                 0x080000f5   Thumb Code     0  entry5.o(.ARM.Collect$$$$00000004)
    _main_clock                              0x080000f5   Thumb Code     0  entry7b.o(.ARM.Collect$$$$00000008)
    _main_cpp_init                           0x080000f5   Thumb Code     0  entry8b.o(.ARM.Collect$$$$0000000A)
    _main_init                               0x080000f5   Thumb Code     0  entry9a.o(.ARM.Collect$$$$0000000B)
    __rt_final_cpp                           0x080000fd   Thumb Code     0  entry10a.o(.ARM.Collect$$$$0000000D)
    __rt_final_exit                          0x080000fd   Thumb Code     0  entry11a.o(.ARM.Collect$$$$0000000F)
    Reset_Handler                            0x08000101   Thumb Code     8  startup_stm32f103xb.o(.text)
    ADC1_2_IRQHandler                        0x0800011b   Thumb Code     0  startup_stm32f103xb.o(.text)
    CAN1_RX1_IRQHandler                      0x0800011b   Thumb Code     0  startup_stm32f103xb.o(.text)
    CAN1_SCE_IRQHandler                      0x0800011b   Thumb Code     0  startup_stm32f103xb.o(.text)
    DMA1_Channel4_IRQHandler                 0x0800011b   Thumb Code     0  startup_stm32f103xb.o(.text)
    DMA1_Channel5_IRQHandler                 0x0800011b   Thumb Code     0  startup_stm32f103xb.o(.text)
    EXTI0_IRQHandler                         0x0800011b   Thumb Code     0  startup_stm32f103xb.o(.text)
    EXTI1_IRQHandler                         0x0800011b   Thumb Code     0  startup_stm32f103xb.o(.text)
    EXTI2_IRQHandler                         0x0800011b   Thumb Code     0  startup_stm32f103xb.o(.text)
    EXTI3_IRQHandler                         0x0800011b   Thumb Code     0  startup_stm32f103xb.o(.text)
    EXTI4_IRQHandler                         0x0800011b   Thumb Code     0  startup_stm32f103xb.o(.text)
    EXTI9_5_IRQHandler                       0x0800011b   Thumb Code     0  startup_stm32f103xb.o(.text)
    FLASH_IRQHandler                         0x0800011b   Thumb Code     0  startup_stm32f103xb.o(.text)
    I2C1_ER_IRQHandler                       0x0800011b   Thumb Code     0  startup_stm32f103xb.o(.text)
    I2C1_EV_IRQHandler                       0x0800011b   Thumb Code     0  startup_stm32f103xb.o(.text)
    I2C2_ER_IRQHandler                       0x0800011b   Thumb Code     0  startup_stm32f103xb.o(.text)
    I2C2_EV_IRQHandler                       0x0800011b   Thumb Code     0  startup_stm32f103xb.o(.text)
    PVD_IRQHandler                           0x0800011b   Thumb Code     0  startup_stm32f103xb.o(.text)
    RCC_IRQHandler                           0x0800011b   Thumb Code     0  startup_stm32f103xb.o(.text)
    RTC_IRQHandler                           0x0800011b   Thumb Code     0  startup_stm32f103xb.o(.text)
    SPI1_IRQHandler                          0x0800011b   Thumb Code     0  startup_stm32f103xb.o(.text)
    SPI2_IRQHandler                          0x0800011b   Thumb Code     0  startup_stm32f103xb.o(.text)
    TAMPER_IRQHandler                        0x0800011b   Thumb Code     0  startup_stm32f103xb.o(.text)
    TIM1_BRK_IRQHandler                      0x0800011b   Thumb Code     0  startup_stm32f103xb.o(.text)
    TIM1_CC_IRQHandler                       0x0800011b   Thumb Code     0  startup_stm32f103xb.o(.text)
    TIM1_TRG_COM_IRQHandler                  0x0800011b   Thumb Code     0  startup_stm32f103xb.o(.text)
    TIM2_IRQHandler                          0x0800011b   Thumb Code     0  startup_stm32f103xb.o(.text)
    TIM3_IRQHandler                          0x0800011b   Thumb Code     0  startup_stm32f103xb.o(.text)
    TIM4_IRQHandler                          0x0800011b   Thumb Code     0  startup_stm32f103xb.o(.text)
    USART1_IRQHandler                        0x0800011b   Thumb Code     0  startup_stm32f103xb.o(.text)
    USBWakeUp_IRQHandler                     0x0800011b   Thumb Code     0  startup_stm32f103xb.o(.text)
    USB_HP_CAN1_TX_IRQHandler                0x0800011b   Thumb Code     0  startup_stm32f103xb.o(.text)
    USB_LP_CAN1_RX0_IRQHandler               0x0800011b   Thumb Code     0  startup_stm32f103xb.o(.text)
    WWDG_IRQHandler                          0x0800011b   Thumb Code     0  startup_stm32f103xb.o(.text)
    __aeabi_llsr                             0x08000125   Thumb Code    32  llushr.o(.text)
    _ll_ushift_r                             0x08000125   Thumb Code     0  llushr.o(.text)
    __aeabi_memcpy                           0x08000145   Thumb Code    36  memcpya.o(.text)
    __aeabi_memcpy4                          0x08000145   Thumb Code     0  memcpya.o(.text)
    __aeabi_memcpy8                          0x08000145   Thumb Code     0  memcpya.o(.text)
    __aeabi_dadd                             0x08000169   Thumb Code   322  dadd.o(.text)
    __aeabi_dsub                             0x080002ab   Thumb Code     6  dadd.o(.text)
    __aeabi_drsub                            0x080002b1   Thumb Code     6  dadd.o(.text)
    __aeabi_dmul                             0x080002b7   Thumb Code   228  dmul.o(.text)
    __aeabi_ui2f                             0x0800039b   Thumb Code    10  ffltui.o(.text)
    __aeabi_i2d                              0x080003a5   Thumb Code    34  dflti.o(.text)
    __aeabi_ui2d                             0x080003c7   Thumb Code    26  dfltui.o(.text)
    __aeabi_f2iz                             0x080003e1   Thumb Code    50  ffixi.o(.text)
    __aeabi_d2uiz                            0x08000413   Thumb Code    50  dfixui.o(.text)
    __aeabi_cfcmpeq                          0x08000445   Thumb Code     0  cfcmple.o(.text)
    __aeabi_cfcmple                          0x08000445   Thumb Code    20  cfcmple.o(.text)
    __aeabi_llsl                             0x08000459   Thumb Code    30  llshl.o(.text)
    _ll_shift_l                              0x08000459   Thumb Code     0  llshl.o(.text)
    __aeabi_lasr                             0x08000477   Thumb Code    36  llsshr.o(.text)
    _ll_sshift_r                             0x08000477   Thumb Code     0  llsshr.o(.text)
    __I$use$fp                               0x0800049b   Thumb Code     0  iusefp.o(.text)
    _float_round                             0x0800049b   Thumb Code    18  fepilogue.o(.text)
    _float_epilogue                          0x080004ad   Thumb Code    92  fepilogue.o(.text)
    _double_round                            0x08000509   Thumb Code    30  depilogue.o(.text)
    _double_epilogue                         0x08000527   Thumb Code   156  depilogue.o(.text)
    __scatterload                            0x080005c5   Thumb Code    28  init.o(.text)
    __scatterload_rt2                        0x080005c5   Thumb Code     0  init.o(.text)
    __decompress                             0x080005e9   Thumb Code     0  __dclz77c.o(.text)
    __decompress2                            0x080005e9   Thumb Code    94  __dclz77c.o(.text)
    ADC_ConversionStop_Disable               0x08000647   Thumb Code    82  stm32f1xx_hal_adc.o(i.ADC_ConversionStop_Disable)
    ADC_DMAConvCplt                          0x08000699   Thumb Code    82  stm32f1xx_hal_adc.o(i.ADC_DMAConvCplt)
    ADC_DMAError                             0x080006eb   Thumb Code    30  stm32f1xx_hal_adc.o(i.ADC_DMAError)
    ADC_DMAHalfConvCplt                      0x08000709   Thumb Code    14  stm32f1xx_hal_adc.o(i.ADC_DMAHalfConvCplt)
    ADC_Enable                               0x08000719   Thumb Code   122  stm32f1xx_hal_adc.o(i.ADC_Enable)
    BusFault_Handler                         0x0800079d   Thumb Code     4  stm32f1xx_it.o(i.BusFault_Handler)
    CLR_Arr                                  0x080007a1   Thumb Code    44  display.o(i.CLR_Arr)
    DMA1_Channel1_IRQHandler                 0x080007d1   Thumb Code    10  stm32f1xx_it.o(i.DMA1_Channel1_IRQHandler)
    DMA1_Channel2_IRQHandler                 0x080007e1   Thumb Code    10  stm32f1xx_it.o(i.DMA1_Channel2_IRQHandler)
    DMA1_Channel3_IRQHandler                 0x080007f1   Thumb Code    10  stm32f1xx_it.o(i.DMA1_Channel3_IRQHandler)
    DMA1_Channel6_IRQHandler                 0x08000801   Thumb Code    10  stm32f1xx_it.o(i.DMA1_Channel6_IRQHandler)
    DMA1_Channel7_IRQHandler                 0x08000811   Thumb Code    10  stm32f1xx_it.o(i.DMA1_Channel7_IRQHandler)
    DS18B20_Init                             0x0800084d   Thumb Code    12  ds18b20.o(i.DS18B20_Init)
    DebugMon_Handler                         0x08000859   Thumb Code     2  stm32f1xx_it.o(i.DebugMon_Handler)
    DelayTimer                               0x0800085b   Thumb Code    26  timer.o(i.DelayTimer)
    Delay_Nus                                0x08000875   Thumb Code    18  ds18b20.o(i.Delay_Nus)
    Dis_Num                                  0x08000887   Thumb Code   160  oled.o(i.Dis_Num)
    Dis_Num_Inv                              0x08000927   Thumb Code   160  oled.o(i.Dis_Num_Inv)
    Draw_BMP                                 0x080009c7   Thumb Code   106  oled.o(i.Draw_BMP)
    Draw_Power                               0x08000a31   Thumb Code   208  oled.o(i.Draw_Power)
    EXTI15_10_IRQHandler                     0x08000b05   Thumb Code    12  stm32f1xx_it.o(i.EXTI15_10_IRQHandler)
    FLASH_PageErase                          0x08000b39   Thumb Code    32  stm32f1xx_hal_flash_ex.o(i.FLASH_PageErase)
    FLASH_WaitForLastOperation               0x08000c05   Thumb Code   106  stm32f1xx_hal_flash.o(i.FLASH_WaitForLastOperation)
    GPIO_DQ_Input_Mode                       0x08000c75   Thumb Code    24  ds18b20.o(i.GPIO_DQ_Input_Mode)
    GPIO_DQ_Out_Mode                         0x08000c91   Thumb Code    26  ds18b20.o(i.GPIO_DQ_Out_Mode)
    HAL_ADC_ConfigChannel                    0x08000cb5   Thumb Code   338  stm32f1xx_hal_adc.o(i.HAL_ADC_ConfigChannel)
    HAL_ADC_ConvCpltCallback                 0x08000e15   Thumb Code     2  stm32f1xx_hal_adc.o(i.HAL_ADC_ConvCpltCallback)
    HAL_ADC_ConvHalfCpltCallback             0x08000e17   Thumb Code     2  stm32f1xx_hal_adc.o(i.HAL_ADC_ConvHalfCpltCallback)
    HAL_ADC_ErrorCallback                    0x08000e19   Thumb Code     2  stm32f1xx_hal_adc.o(i.HAL_ADC_ErrorCallback)
    HAL_ADC_Init                             0x08000e1d   Thumb Code   314  stm32f1xx_hal_adc.o(i.HAL_ADC_Init)
    HAL_ADC_MspInit                          0x08000f61   Thumb Code   136  adc.o(i.HAL_ADC_MspInit)
    HAL_ADC_Start_DMA                        0x08001011   Thumb Code   362  stm32f1xx_hal_adc.o(i.HAL_ADC_Start_DMA)
    HAL_DMA_Abort                            0x08001191   Thumb Code    58  stm32f1xx_hal_dma.o(i.HAL_DMA_Abort)
    HAL_DMA_Abort_IT                         0x080011cd   Thumb Code   172  stm32f1xx_hal_dma.o(i.HAL_DMA_Abort_IT)
    HAL_DMA_IRQHandler                       0x0800127d   Thumb Code   408  stm32f1xx_hal_dma.o(i.HAL_DMA_IRQHandler)
    HAL_DMA_Init                             0x08001419   Thumb Code   108  stm32f1xx_hal_dma.o(i.HAL_DMA_Init)
    HAL_DMA_Start_IT                         0x08001489   Thumb Code   156  stm32f1xx_hal_dma.o(i.HAL_DMA_Start_IT)
    HAL_FLASHEx_Erase                        0x08001525   Thumb Code   168  stm32f1xx_hal_flash_ex.o(i.HAL_FLASHEx_Erase)
    HAL_FLASH_Lock                           0x080015d5   Thumb Code    16  stm32f1xx_hal_flash.o(i.HAL_FLASH_Lock)
    HAL_FLASH_Program                        0x080015e9   Thumb Code   168  stm32f1xx_hal_flash.o(i.HAL_FLASH_Program)
    HAL_FLASH_Unlock                         0x08001699   Thumb Code    30  stm32f1xx_hal_flash.o(i.HAL_FLASH_Unlock)
    HAL_GPIO_EXTI_Callback                   0x080016c5   Thumb Code    40  gpio.o(i.HAL_GPIO_EXTI_Callback)
    HAL_GPIO_EXTI_IRQHandler                 0x080016f5   Thumb Code    24  stm32f1xx_hal_gpio.o(i.HAL_GPIO_EXTI_IRQHandler)
    HAL_GPIO_Init                            0x08001711   Thumb Code   764  stm32f1xx_hal_gpio.o(i.HAL_GPIO_Init)
    HAL_GPIO_ReadPin                         0x08001a2d   Thumb Code    16  stm32f1xx_hal_gpio.o(i.HAL_GPIO_ReadPin)
    HAL_GPIO_WritePin                        0x08001a3d   Thumb Code    12  stm32f1xx_hal_gpio.o(i.HAL_GPIO_WritePin)
    HAL_GetTick                              0x08001a49   Thumb Code     6  stm32f1xx_hal.o(i.HAL_GetTick)
    HAL_IncTick                              0x08001a55   Thumb Code    12  stm32f1xx_hal.o(i.HAL_IncTick)
    HAL_Init                                 0x08001a65   Thumb Code    34  stm32f1xx_hal.o(i.HAL_Init)
    HAL_InitTick                             0x08001a8d   Thumb Code    36  stm32f1xx_hal.o(i.HAL_InitTick)
    HAL_MspInit                              0x08001ab5   Thumb Code   140  stm32f1xx_hal_msp.o(i.HAL_MspInit)
    HAL_NVIC_EnableIRQ                       0x08001b49   Thumb Code    26  stm32f1xx_hal_cortex.o(i.HAL_NVIC_EnableIRQ)
    HAL_NVIC_SetPriority                     0x08001b63   Thumb Code   124  stm32f1xx_hal_cortex.o(i.HAL_NVIC_SetPriority)
    HAL_NVIC_SetPriorityGrouping             0x08001be1   Thumb Code    32  stm32f1xx_hal_cortex.o(i.HAL_NVIC_SetPriorityGrouping)
    HAL_PWR_EnableBkUpAccess                 0x08001c09   Thumb Code     8  stm32f1xx_hal_pwr.o(i.HAL_PWR_EnableBkUpAccess)
    HAL_PWR_EnterSLEEPMode                   0x08001c15   Thumb Code    28  stm32f1xx_hal_pwr.o(i.HAL_PWR_EnterSLEEPMode)
    HAL_PWR_EnterSTANDBYMode                 0x08001c35   Thumb Code    32  stm32f1xx_hal_pwr.o(i.HAL_PWR_EnterSTANDBYMode)
    HAL_RCCEx_GetPeriphCLKFreq               0x08001c5d   Thumb Code   254  stm32f1xx_hal_rcc_ex.o(i.HAL_RCCEx_GetPeriphCLKFreq)
    HAL_RCCEx_PeriphCLKConfig                0x08001d7d   Thumb Code   290  stm32f1xx_hal_rcc_ex.o(i.HAL_RCCEx_PeriphCLKConfig)
    HAL_RCC_ClockConfig                      0x08001ead   Thumb Code   402  stm32f1xx_hal_rcc.o(i.HAL_RCC_ClockConfig)
    HAL_RCC_GetHCLKFreq                      0x08002051   Thumb Code     6  stm32f1xx_hal_rcc.o(i.HAL_RCC_GetHCLKFreq)
    HAL_RCC_GetPCLK1Freq                     0x0800205d   Thumb Code    22  stm32f1xx_hal_rcc.o(i.HAL_RCC_GetPCLK1Freq)
    HAL_RCC_GetPCLK2Freq                     0x0800207d   Thumb Code    22  stm32f1xx_hal_rcc.o(i.HAL_RCC_GetPCLK2Freq)
    HAL_RCC_GetSysClockFreq                  0x0800209d   Thumb Code   118  stm32f1xx_hal_rcc.o(i.HAL_RCC_GetSysClockFreq)
    HAL_RCC_OscConfig                        0x08002135   Thumb Code  1078  stm32f1xx_hal_rcc.o(i.HAL_RCC_OscConfig)
    HAL_RTCEx_BKUPRead                       0x08002575   Thumb Code    20  stm32f1xx_hal_rtc_ex.o(i.HAL_RTCEx_BKUPRead)
    HAL_RTCEx_BKUPWrite                      0x0800258d   Thumb Code    18  stm32f1xx_hal_rtc_ex.o(i.HAL_RTCEx_BKUPWrite)
    HAL_RTC_AlarmAEventCallback              0x080025a5   Thumb Code     2  stm32f1xx_hal_rtc.o(i.HAL_RTC_AlarmAEventCallback)
    HAL_RTC_AlarmIRQHandler                  0x080025a9   Thumb Code    52  stm32f1xx_hal_rtc.o(i.HAL_RTC_AlarmIRQHandler)
    HAL_RTC_GetTime                          0x080025e1   Thumb Code   260  stm32f1xx_hal_rtc.o(i.HAL_RTC_GetTime)
    HAL_RTC_Init                             0x080026e5   Thumb Code   202  stm32f1xx_hal_rtc.o(i.HAL_RTC_Init)
    HAL_RTC_MspInit                          0x080027b5   Thumb Code    96  rtc.o(i.HAL_RTC_MspInit)
    HAL_RTC_SetAlarm_IT                      0x08002821   Thumb Code   256  stm32f1xx_hal_rtc.o(i.HAL_RTC_SetAlarm_IT)
    HAL_RTC_SetDate                          0x08002929   Thumb Code   242  stm32f1xx_hal_rtc.o(i.HAL_RTC_SetDate)
    HAL_RTC_SetTime                          0x08002a21   Thumb Code   214  stm32f1xx_hal_rtc.o(i.HAL_RTC_SetTime)
    HAL_RTC_WaitForSynchro                   0x08002afd   Thumb Code    64  stm32f1xx_hal_rtc.o(i.HAL_RTC_WaitForSynchro)
    HAL_SPI_Init                             0x08002b3d   Thumb Code   134  stm32f1xx_hal_spi_ex.o(i.HAL_SPI_Init)
    HAL_SPI_MspInit                          0x08002bc5   Thumb Code    86  spi.o(i.HAL_SPI_MspInit)
    HAL_SPI_Receive                          0x08002c29   Thumb Code   364  stm32f1xx_hal_spi.o(i.HAL_SPI_Receive)
    HAL_SPI_Transmit                         0x08002d95   Thumb Code   422  stm32f1xx_hal_spi.o(i.HAL_SPI_Transmit)
    HAL_SPI_TransmitReceive                  0x08002f3b   Thumb Code   542  stm32f1xx_hal_spi.o(i.HAL_SPI_TransmitReceive)
    HAL_SYSTICK_CLKSourceConfig              0x08003159   Thumb Code    40  stm32f1xx_hal_cortex.o(i.HAL_SYSTICK_CLKSourceConfig)
    HAL_SYSTICK_Callback                     0x08003181   Thumb Code    18  speak.o(i.HAL_SYSTICK_Callback)
    HAL_SYSTICK_Config                       0x08003199   Thumb Code    52  stm32f1xx_hal_cortex.o(i.HAL_SYSTICK_Config)
    HAL_SYSTICK_IRQHandler                   0x080031cd   Thumb Code     8  stm32f1xx_hal_cortex.o(i.HAL_SYSTICK_IRQHandler)
    HAL_TIMEx_BreakCallback                  0x080031d5   Thumb Code     2  stm32f1xx_hal_tim_ex.o(i.HAL_TIMEx_BreakCallback)
    HAL_TIMEx_CommutationCallback            0x080031d7   Thumb Code     2  stm32f1xx_hal_tim_ex.o(i.HAL_TIMEx_CommutationCallback)
    HAL_TIMEx_MasterConfigSynchronization    0x080031d9   Thumb Code    98  stm32f1xx_hal_tim_ex.o(i.HAL_TIMEx_MasterConfigSynchronization)
    HAL_TIM_Base_Init                        0x0800323b   Thumb Code    52  stm32f1xx_hal_tim.o(i.HAL_TIM_Base_Init)
    HAL_TIM_Base_MspInit                     0x08003271   Thumb Code    58  tim.o(i.HAL_TIM_Base_MspInit)
    HAL_TIM_Base_Start_IT                    0x080032b5   Thumb Code    30  stm32f1xx_hal_tim.o(i.HAL_TIM_Base_Start_IT)
    HAL_TIM_ConfigClockSource                0x080032d3   Thumb Code   306  stm32f1xx_hal_tim.o(i.HAL_TIM_ConfigClockSource)
    HAL_TIM_IC_CaptureCallback               0x08003405   Thumb Code     2  stm32f1xx_hal_tim.o(i.HAL_TIM_IC_CaptureCallback)
    HAL_TIM_IRQHandler                       0x08003407   Thumb Code   406  stm32f1xx_hal_tim.o(i.HAL_TIM_IRQHandler)
    HAL_TIM_OC_DelayElapsedCallback          0x0800359d   Thumb Code     2  stm32f1xx_hal_tim.o(i.HAL_TIM_OC_DelayElapsedCallback)
    HAL_TIM_PWM_PulseFinishedCallback        0x0800359f   Thumb Code     2  stm32f1xx_hal_tim.o(i.HAL_TIM_PWM_PulseFinishedCallback)
    HAL_TIM_PeriodElapsedCallback            0x080035a1   Thumb Code    50  tim.o(i.HAL_TIM_PeriodElapsedCallback)
    HAL_TIM_TriggerCallback                  0x080035dd   Thumb Code     2  stm32f1xx_hal_tim.o(i.HAL_TIM_TriggerCallback)
    HAL_UART_AbortReceive                    0x080035df   Thumb Code    80  stm32f1xx_hal_uart.o(i.HAL_UART_AbortReceive)
    HAL_UART_ErrorCallback                   0x0800362f   Thumb Code     2  stm32f1xx_hal_uart.o(i.HAL_UART_ErrorCallback)
    HAL_UART_IRQHandler                      0x08003631   Thumb Code   326  stm32f1xx_hal_uart.o(i.HAL_UART_IRQHandler)
    HAL_UART_Init                            0x0800377d   Thumb Code   114  stm32f1xx_hal_uart.o(i.HAL_UART_Init)
    HAL_UART_MspInit                         0x080037f1   Thumb Code   416  usart.o(i.HAL_UART_MspInit)
    HAL_UART_Receive                         0x080039c9   Thumb Code   222  stm32f1xx_hal_uart.o(i.HAL_UART_Receive)
    HAL_UART_Receive_DMA                     0x08003aa9   Thumb Code   182  stm32f1xx_hal_uart.o(i.HAL_UART_Receive_DMA)
    HAL_UART_RxCpltCallback                  0x08003b6d   Thumb Code    66  usart.o(i.HAL_UART_RxCpltCallback)
    HAL_UART_RxHalfCpltCallback              0x08003bb9   Thumb Code     2  stm32f1xx_hal_uart.o(i.HAL_UART_RxHalfCpltCallback)
    HAL_UART_Transmit                        0x08003bbb   Thumb Code   214  stm32f1xx_hal_uart.o(i.HAL_UART_Transmit)
    HAL_UART_Transmit_DMA                    0x08003c91   Thumb Code   142  stm32f1xx_hal_uart.o(i.HAL_UART_Transmit_DMA)
    HAL_UART_TxCpltCallback                  0x08003d2d   Thumb Code     2  usart.o(i.HAL_UART_TxCpltCallback)
    HAL_UART_TxHalfCpltCallback              0x08003d2f   Thumb Code     2  stm32f1xx_hal_uart.o(i.HAL_UART_TxHalfCpltCallback)
    HardFault_Handler                        0x08003d31   Thumb Code     4  stm32f1xx_it.o(i.HardFault_Handler)
    IntTostr                                 0x08003d35   Thumb Code    52  wir433.o(i.IntTostr)
    LCD_CLS                                  0x08003d69   Thumb Code    56  oled.o(i.LCD_CLS)
    LCD_DLY_ms                               0x08003da1   Thumb Code    28  oled.o(i.LCD_DLY_ms)
    LCD_P14x16Str                            0x08003dbd   Thumb Code   246  oled.o(i.LCD_P14x16Str)
    LCD_P8x16Str                             0x08003ebd   Thumb Code   130  oled.o(i.LCD_P8x16Str)
    LCD_P8x16Str_Invers                      0x08003f45   Thumb Code   138  oled.o(i.LCD_P8x16Str_Invers)
    LCD_Print                                0x08003fd5   Thumb Code   100  oled.o(i.LCD_Print)
    LCD_Set_Pos                              0x08004039   Thumb Code    36  oled.o(i.LCD_Set_Pos)
    LCD_WrCmd                                0x0800405d   Thumb Code    96  oled.o(i.LCD_WrCmd)
    LCD_WrDat                                0x080040c1   Thumb Code    96  oled.o(i.LCD_WrDat)
    LED_IRQHandle                            0x08004125   Thumb Code   146  led.o(i.LED_IRQHandle)
    Line_1A_WTN6                             0x080041bd   Thumb Code   134  speak.o(i.Line_1A_WTN6)
    MX_ADC1_Init                             0x08004249   Thumb Code   138  adc.o(i.MX_ADC1_Init)
    MX_DMA_Init                              0x080042ed   Thumb Code   112  dma.o(i.MX_DMA_Init)
    MX_GPIO_Init                             0x08004361   Thumb Code   274  gpio.o(i.MX_GPIO_Init)
    MX_RTC_Init                              0x08004489   Thumb Code   140  rtc.o(i.MX_RTC_Init)
    MX_SPI1_Init                             0x0800452d   Thumb Code    64  spi.o(i.MX_SPI1_Init)
    MX_TIM1_Init                             0x08004585   Thumb Code   100  tim.o(i.MX_TIM1_Init)
    MX_USART2_UART_Init                      0x08004601   Thumb Code    50  usart.o(i.MX_USART2_UART_Init)
    MX_USART3_UART_Init                      0x0800464d   Thumb Code    50  usart.o(i.MX_USART3_UART_Init)
    MemManage_Handler                        0x08004699   Thumb Code     4  stm32f1xx_it.o(i.MemManage_Handler)
    NMI_Handler                              0x0800469d   Thumb Code     2  stm32f1xx_it.o(i.NMI_Handler)
    OLCD_Fill                                0x080046d9   Thumb Code    58  oled.o(i.OLCD_Fill)
    OLED_Init                                0x08004715   Thumb Code   216  oled.o(i.OLED_Init)
    PendSV_Handler                           0x080047f1   Thumb Code     2  stm32f1xx_it.o(i.PendSV_Handler)
    RTC_AlarmConfig                          0x0800481d   Thumb Code   134  main.o(i.RTC_AlarmConfig)
    RTC_Alarm_IRQHandler                     0x080048bd   Thumb Code    10  stm32f1xx_it.o(i.RTC_Alarm_IRQHandler)
    ReadTimer                                0x08004b85   Thumb Code    64  timer.o(i.ReadTimer)
    Read_OneByte_FromDS18b20                 0x08004bc9   Thumb Code    76  ds18b20.o(i.Read_OneByte_FromDS18b20)
    Rx_PresencePulse                         0x08004c19   Thumb Code    88  ds18b20.o(i.Rx_PresencePulse)
    STMFLASH_Read                            0x08004d47   Thumb Code    34  stm_flash.o(i.STMFLASH_Read)
    STMFLASH_ReadHalfWord                    0x08004d69   Thumb Code     6  stm_flash.o(i.STMFLASH_ReadHalfWord)
    STMFLASH_Write                           0x08004d71   Thumb Code   242  stm_flash.o(i.STMFLASH_Write)
    STMFLASH_Write_NoCheck                   0x08004e6d   Thumb Code    44  stm_flash.o(i.STMFLASH_Write_NoCheck)
    SVC_Handler                              0x08004e99   Thumb Code     2  stm32f1xx_it.o(i.SVC_Handler)
    StartTimer                               0x08004e9d   Thumb Code    50  timer.o(i.StartTimer)
    SysTick_Handler                          0x08004ed5   Thumb Code    12  stm32f1xx_it.o(i.SysTick_Handler)
    SystemClock_Config                       0x08004ee1   Thumb Code   166  main.o(i.SystemClock_Config)
    SystemInit                               0x08004f99   Thumb Code    70  system_stm32f1xx.o(i.SystemInit)
    TIM1_UP_IRQHandler                       0x08004ff1   Thumb Code    10  stm32f1xx_it.o(i.TIM1_UP_IRQHandler)
    TIM_Base_SetConfig                       0x08005001   Thumb Code   102  stm32f1xx_hal_tim.o(i.TIM_Base_SetConfig)
    Tx_ResetPulse                            0x080050f9   Thumb Code    44  ds18b20.o(i.Tx_ResetPulse)
    USART2_IRQHandler                        0x080055bd   Thumb Code    10  stm32f1xx_it.o(i.USART2_IRQHandler)
    USART3_IRQHandler                        0x080055cd   Thumb Code    10  stm32f1xx_it.o(i.USART3_IRQHandler)
    UsageFault_Handler                       0x080055dd   Thumb Code     4  stm32f1xx_it.o(i.UsageFault_Handler)
    Write_OneByte_ToDS18b20                  0x080055e1   Thumb Code   100  ds18b20.o(i.Write_OneByte_ToDS18b20)
    _Error_Handler                           0x08005649   Thumb Code     4  main.o(i._Error_Handler)
    __scatterload_copy                       0x0800564d   Thumb Code    14  handlers.o(i.__scatterload_copy)
    __scatterload_null                       0x0800565b   Thumb Code     2  handlers.o(i.__scatterload_null)
    __scatterload_zeroinit                   0x0800565d   Thumb Code    14  handlers.o(i.__scatterload_zeroinit)
    absi                                     0x0800566b   Thumb Code    16  key.o(i.absi)
    bRadio_Check_Tx_RX                       0x0800567d   Thumb Code   120  radio.o(i.bRadio_Check_Tx_RX)
    beforSleep                               0x080056fd   Thumb Code   250  main.o(i.beforSleep)
    bleCheckConn                             0x08005811   Thumb Code   126  ble.o(i.bleCheckConn)
    bleGetDate                               0x080058bd   Thumb Code   122  ble.o(i.bleGetDate)
    bleTask                                  0x08005949   Thumb Code   172  ble.o(i.bleTask)
    changeSN                                 0x08005a01   Thumb Code    40  display.o(i.changeSN)
    cmdSolve                                 0x08005a29   Thumb Code   218  wir433.o(i.cmdSolve)
    deal_key_event                           0x08005b19   Thumb Code   312  key_event.o(i.deal_key_event)
    delay_us                                 0x08005c61   Thumb Code    30  speak.o(i.delay_us)
    getAdcAfterFilt                          0x08005c81   Thumb Code    56  main.o(i.getAdcAfterFilt)
    getCheck                                 0x08005cbd   Thumb Code    22  ble.o(i.getCheck)
    getPairStatus                            0x08005cd5   Thumb Code    16  radio_app.o(i.getPairStatus)
    getStress                                0x08005ce9   Thumb Code   242  stress.o(i.getStress)
    getWirStatus                             0x08005df1   Thumb Code     6  wir433.o(i.getWirStatus)
    get_data                                 0x08005dfd   Thumb Code     6  ds18b20.o(i.get_data)
    get_key_msg                              0x08005e09   Thumb Code    82  key.o(i.get_key_msg)
    initBLE                                  0x08005e6d   Thumb Code   240  ble.o(i.initBLE)
    init_WIR433                              0x08005f95   Thumb Code   710  wir433.o(i.init_WIR433)
    key_IRQHandler                           0x08006271   Thumb Code   222  key.o(i.key_IRQHandler)
    key_check                                0x08006361   Thumb Code    66  key.o(i.key_check)
    led_off                                  0x080063ad   Thumb Code    62  led.o(i.led_off)
    led_on                                   0x080063f1   Thumb Code    34  led.o(i.led_on)
    main                                     0x08006419   Thumb Code  3088  main.o(i.main)
    menFind                                  0x08007091   Thumb Code    78  main.o(i.menFind)
    menclr                                   0x080070df   Thumb Code    20  main.o(i.menclr)
    mencpr                                   0x080070f3   Thumb Code    44  main.o(i.mencpr)
    mencpy                                   0x0800711f   Thumb Code    22  main.o(i.mencpy)
    packHUD1                                 0x08007135   Thumb Code   158  radio_app.o(i.packHUD1)
    packHUD2                                 0x080071e1   Thumb Code   180  radio_app.o(i.packHUD2)
    paraInit                                 0x080072a9   Thumb Code   192  main.o(i.paraInit)
    popCMD                                   0x080073b5   Thumb Code    42  wir433.o(i.popCMD)
    pushCMD                                  0x080073e9   Thumb Code    58  wir433.o(i.pushCMD)
    radioAppInit                             0x0800742d   Thumb Code    46  radio_app.o(i.radioAppInit)
    radioPair                                0x08007469   Thumb Code     8  radio_app.o(i.radioPair)
    radioTask                                0x08007475   Thumb Code   210  radio_app.o(i.radioTask)
    radio_comm_ClearCTS                      0x08007561   Thumb Code     8  radio_comm.o(i.radio_comm_ClearCTS)
    radio_comm_GetResp                       0x0800756d   Thumb Code    88  radio_comm.o(i.radio_comm_GetResp)
    radio_comm_PollCTS                       0x080075c9   Thumb Code    12  radio_comm.o(i.radio_comm_PollCTS)
    radio_comm_ReadData                      0x080075d5   Thumb Code    60  radio_comm.o(i.radio_comm_ReadData)
    radio_comm_SendCmd                       0x08007615   Thumb Code    44  radio_comm.o(i.radio_comm_SendCmd)
    radio_comm_SendCmdGetResp                0x08007645   Thumb Code    32  radio_comm.o(i.radio_comm_SendCmdGetResp)
    radio_comm_WriteData                     0x08007665   Thumb Code    60  radio_comm.o(i.radio_comm_WriteData)
    radio_hal_AssertShutdown                 0x080076a5   Thumb Code    14  radio_hal.o(i.radio_hal_AssertShutdown)
    radio_hal_ClearNsel                      0x080076b9   Thumb Code    14  radio_hal.o(i.radio_hal_ClearNsel)
    radio_hal_DeassertShutdown               0x080076cd   Thumb Code    14  radio_hal.o(i.radio_hal_DeassertShutdown)
    radio_hal_NirqLevel                      0x080076e1   Thumb Code    12  radio_hal.o(i.radio_hal_NirqLevel)
    radio_hal_SetNsel                        0x080076f1   Thumb Code    14  radio_hal.o(i.radio_hal_SetNsel)
    radio_hal_SpiReadByte                    0x08007705   Thumb Code    20  radio_hal.o(i.radio_hal_SpiReadByte)
    radio_hal_SpiReadData                    0x0800771d   Thumb Code    20  radio_hal.o(i.radio_hal_SpiReadData)
    radio_hal_SpiWriteByte                   0x08007735   Thumb Code    16  radio_hal.o(i.radio_hal_SpiWriteByte)
    radio_hal_SpiWriteData                   0x08007749   Thumb Code    20  radio_hal.o(i.radio_hal_SpiWriteData)
    register_led                             0x08007761   Thumb Code    28  led.o(i.register_led)
    reply                                    0x08007781   Thumb Code    82  wir433.o(i.reply)
    replyGroup                               0x080077e1   Thumb Code   214  wir433.o(i.replyGroup)
    replySet2                                0x080078c5   Thumb Code   194  wir433.o(i.replySet2)
    returnDate                               0x08007999   Thumb Code   230  wir433.o(i.returnDate)
    runTemperature                           0x08007a85   Thumb Code   220  ds18b20.o(i.runTemperature)
    sendInfo                                 0x08007b79   Thumb Code   174  ble.o(i.sendInfo)
    send_key_msg                             0x08007c39   Thumb Code    94  key.o(i.send_key_msg)
    setMode                                  0x08007ca9   Thumb Code    50  wir433.o(i.setMode)
    setVoice                                 0x08007ce5   Thumb Code    18  speak.o(i.setVoice)
    set_Init                                 0x08007cf9   Thumb Code     6  stress.o(i.set_Init)
    showPageOne                              0x08007d05   Thumb Code   450  display.o(i.showPageOne)
    showPageSetBLE                           0x08007f1d   Thumb Code    92  display.o(i.showPageSetBLE)
    showPageSetCal                           0x08007fa1   Thumb Code    70  display.o(i.showPageSetCal)
    showPageSetDATA                          0x08008025   Thumb Code    92  display.o(i.showPageSetDATA)
    showPageSetHUD                           0x080080b1   Thumb Code    90  display.o(i.showPageSetHUD)
    showPageSetSel                           0x0800812d   Thumb Code    60  display.o(i.showPageSetSel)
    showPageThree                            0x080081a1   Thumb Code    48  display.o(i.showPageThree)
    showPageTwo                              0x080081dd   Thumb Code   112  display.o(i.showPageTwo)
    si446x_change_state                      0x08008271   Thumb Code    22  si446x_api_lib.o(i.si446x_change_state)
    si446x_configuration_init                0x0800828d   Thumb Code    98  si446x_api_lib.o(i.si446x_configuration_init)
    si446x_fifo_info                         0x080082f9   Thumb Code    40  si446x_api_lib.o(i.si446x_fifo_info)
    si446x_get_int_status                    0x08008329   Thumb Code    84  si446x_api_lib.o(i.si446x_get_int_status)
    si446x_part_info                         0x08008385   Thumb Code   104  si446x_api_lib.o(i.si446x_part_info)
    si446x_read_rx_fifo                      0x080083f5   Thumb Code    20  si446x_api_lib.o(i.si446x_read_rx_fifo)
    si446x_reset                             0x08008409   Thumb Code    40  si446x_api_lib.o(i.si446x_reset)
    si446x_start_rx                          0x08008431   Thumb Code    56  si446x_api_lib.o(i.si446x_start_rx)
    si446x_start_tx                          0x0800846d   Thumb Code    40  si446x_api_lib.o(i.si446x_start_tx)
    si446x_write_tx_fifo                     0x08008499   Thumb Code    20  si446x_api_lib.o(i.si446x_write_tx_fifo)
    spkRunPlay                               0x080084ad   Thumb Code    18  speak.o(i.spkRunPlay)
    spkTask                                  0x080084c1   Thumb Code   374  speak.o(i.spkTask)
    startLed                                 0x0800864d   Thumb Code    30  led.o(i.startLed)
    stopLed                                  0x08008671   Thumb Code    12  led.o(i.stopLed)
    strToInt                                 0x08008681   Thumb Code    34  wir433.o(i.strToInt)
    timer_IRQ_Handle                         0x080086a5   Thumb Code   106  timer.o(i.timer_IRQ_Handle)
    turnOffWir433                            0x08008715   Thumb Code    20  wir433.o(i.turnOffWir433)
    turnOnWir433                             0x08008735   Thumb Code    20  wir433.o(i.turnOnWir433)
    upLoad                                   0x08008755   Thumb Code    58  wir433.o(i.upLoad)
    vRadio_Init                              0x0800879d   Thumb Code    54  radio.o(i.vRadio_Init)
    vRadio_PowerUp                           0x080087d9   Thumb Code    26  radio.o(i.vRadio_PowerUp)
    vRadio_StartRX                           0x080087f9   Thumb Code    44  radio.o(i.vRadio_StartRX)
    vRadio_StartTx_Variable_Packet           0x08008825   Thumb Code    50  radio.o(i.vRadio_StartTx_Variable_Packet)
    wir433Task                               0x08008859   Thumb Code   732  wir433.o(i.wir433Task)
    wirReg                                   0x08008b4d   Thumb Code    48  wir433.o(i.wirReg)
    wirTurnOff                               0x08008b89   Thumb Code    48  wir433.o(i.wirTurnOff)
    writeGPToFlash                           0x08008bc5   Thumb Code    68  wir433.o(i.writeGPToFlash)
    writeGPToRam                             0x08008c11   Thumb Code    56  wir433.o(i.writeGPToRam)
    F6x8                                     0x08008c4c   Data         552  oled.o(.constdata)
    F14x16_Idx                               0x08008e74   Data          49  oled.o(.constdata)
    F14x16                                   0x08008ea5   Data         768  oled.o(.constdata)
    F8X16                                    0x080091a5   Data        1520  oled.o(.constdata)
    AHBPrescTable                            0x08009795   Data          16  system_stm32f1xx.o(.constdata)
    APBPrescTable                            0x080097a5   Data           8  system_stm32f1xx.o(.constdata)
    Region$$Table$$Base                      0x080097b0   Number         0  anon$$obj.o(Region$$Table)
    Region$$Table$$Limit                     0x080097d0   Number         0  anon$$obj.o(Region$$Table)
    sleepFlag                                0x20000000   Data           1  main.o(.data)
    status                                   0x20000001   Data           1  main.o(.data)
    showPageNum                              0x20000002   Data           1  main.o(.data)
    selectedNum                              0x20000003   Data           1  main.o(.data)
    keyPressStatus                           0x20000004   Data           1  main.o(.data)
    keyDownStatus                            0x20000005   Data           1  main.o(.data)
    keyHoldStatus                            0x20000006   Data           1  main.o(.data)
    offTime                                  0x20000008   Data           2  main.o(.data)
    index_cnt                                0x2000000c   Data           4  main.o(.data)
    lcdCloseCount                            0x20000010   Data           2  main.o(.data)
    sysCloseCount                            0x20000012   Data           2  main.o(.data)
    ADCConvertedValue                        0x20000014   Data           4  key.o(.data)
    KEY_One                                  0x20000018   Data          20  key.o(.data)
    KEY_index                                0x2000002c   Data          20  key.o(.data)
    key_msg_front                            0x20000040   Data           1  key.o(.data)
    key_msg_rear                             0x20000041   Data           1  key.o(.data)
    key_msg_flag                             0x20000042   Data           1  key.o(.data)
    DZXYlogo                                 0x20000044   Data        1024  oled.o(.data)
    TZXYlogo                                 0x20000444   Data         512  oled.o(.data)
    NAME_SB_logo                             0x20000644   Data        1024  oled.o(.data)
    NAME_MD_logo                             0x20000a44   Data        1024  oled.o(.data)
    NAME_ZK_logo                             0x20000e44   Data        1024  oled.o(.data)
    NAME_JW_logo                             0x20001244   Data        1024  oled.o(.data)
    NAME_ZQ_logo                             0x20001644   Data        1024  oled.o(.data)
    NAME_ZH_logo                             0x20001a44   Data        1024  oled.o(.data)
    weizhi                                   0x20001e44   Data         256  oled.o(.data)
    dianchi                                  0x20001f44   Data          64  oled.o(.data)
    xinghao                                  0x20001f84   Data          64  oled.o(.data)
    BLE                                      0x20001fc4   Data          16  oled.o(.data)
    recFlag                                  0x20001fd6   Data           1  ble.o(.data)
    cmdBuffIndex                             0x20001fd8   Data           1  wir433.o(.data)
    wir433mode                               0x20001fd9   Data           1  wir433.o(.data)
    connCnt                                  0x20001fda   Data           1  wir433.o(.data)
    statusWir433                             0x20001fdb   Data           1  wir433.o(.data)
    cmdRecevied                              0x20001fdc   Data           1  wir433.o(.data)
    timenum                                  0x20001fe4   Data           4  speak.o(.data)
    time_delay                               0x20001fe8   Data           4  speak.o(.data)
    Radio_Configuration_Data_Array           0x20001ff4   Data         364  radio.o(.data)
    RadioConfiguration                       0x20002160   Data          76  radio.o(.data)
    pRadioConfiguration                      0x200021ac   Data           4  radio.o(.data)
    sign                                     0x200021b0   Data           4  ds18b20.o(.data)
    interger                                 0x200021b4   Data           4  ds18b20.o(.data)
    decimal                                  0x200021b8   Data           4  ds18b20.o(.data)
    get_tempeture                            0x200021bc   Data           4  ds18b20.o(.data)
    statusRadio                              0x200021c8   Data           1  radio_app.o(.data)
    addrLocal                                0x200021cc   Data           4  radio_app.o(.data)
    addrPromote                              0x200021d0   Data           4  radio_app.o(.data)
    SystemCoreClock                          0x200021d8   Data           4  system_stm32f1xx.o(.data)
    uwTick                                   0x200021dc   Data           4  stm32f1xx_hal.o(.data)
    ctsWentHigh                              0x200021e0   Data           1  radio_comm.o(.data)
    huart2                                   0x200021e4   Data          64  usart.o(.bss)
    huart3                                   0x20002224   Data          64  usart.o(.bss)
    hdma_usart2_rx                           0x20002264   Data          68  usart.o(.bss)
    hdma_usart2_tx                           0x200022a8   Data          68  usart.o(.bss)
    hdma_usart3_rx                           0x200022ec   Data          68  usart.o(.bss)
    hdma_usart3_tx                           0x20002330   Data          68  usart.o(.bss)
    hspi1                                    0x20002374   Data          88  spi.o(.bss)
    hadc1                                    0x200023cc   Data          48  adc.o(.bss)
    hdma_adc1                                0x200023fc   Data          68  adc.o(.bss)
    adcRawDate                               0x20002440   Data         300  main.o(.bss)
    para_struct                              0x2000256c   Data          94  main.o(.bss)
    RtcHandle                                0x200025cc   Data          20  main.o(.bss)
    key_msg                                  0x200025e0   Data          80  key.o(.bss)
    NO_BLE                                   0x20002644   Data          16  oled.o(.bss)
    TimerTable                               0x20002654   Data          96  timer.o(.bss)
    htim1                                    0x200026b4   Data          64  tim.o(.bss)
    led_buff                                 0x200026f4   Data          48  led.o(.bss)
    bleSendBuff                              0x20002724   Data          40  ble.o(.bss)
    bleRecBuff                               0x2000274c   Data          40  ble.o(.bss)
    paraDataTemp                             0x20002774   Data          16  wir433.o(.bss)
    framStruct                               0x20002784   Data          22  wir433.o(.bss)
    cmdBuff                                  0x2000279a   Data         110  wir433.o(.bss)
    wir433SendBuff                           0x20002808   Data          30  wir433.o(.bss)
    wir433RecBuff                            0x20002826   Data          30  wir433.o(.bss)
    hrtc                                     0x20002c44   Data          20  rtc.o(.bss)
    customRadioPacket                        0x20002c58   Data          64  radio.o(.bss)
    GPIO_InitStruct                          0x20002c98   Data          16  ds18b20.o(.bss)
    Hud1Struct                               0x20002ca8   Data           9  radio_app.o(.bss)
    Hud2Struct                               0x20002cb1   Data          12  radio_app.o(.bss)
    pFlash                                   0x20002cc0   Data          32  stm32f1xx_hal_flash.o(.bss)
    Si446xCmd                                0x20002ce0   Data          16  si446x_api_lib.o(.bss)
    Pro2Cmd                                  0x20002cf0   Data          16  si446x_api_lib.o(.bss)
    __initial_sp                             0x20003100   Data           0  startup_stm32f103xb.o(STACK)



==============================================================================

Memory Map of the image

  Image Entry point : 0x080000ed

  Load Region LR_IROM1 (Base: 0x08000000, Size: 0x0000b9b4, Max: 0x00010000, ABSOLUTE, COMPRESSED[0x0000a43c])

    Execution Region ER_IROM1 (Exec base: 0x08000000, Load base: 0x08000000, Size: 0x000097d0, Max: 0x00010000, ABSOLUTE)

    Exec Addr    Load Addr    Size         Type   Attr      Idx    E Section Name        Object

    0x08000000   0x08000000   0x000000ec   Data   RO         1786    RESET               startup_stm32f103xb.o
    0x080000ec   0x080000ec   0x00000000   Code   RO         5154  * .ARM.Collect$$$$00000000  mc_w.l(entry.o)
    0x080000ec   0x080000ec   0x00000004   Code   RO         5179    .ARM.Collect$$$$00000001  mc_w.l(entry2.o)
    0x080000f0   0x080000f0   0x00000004   Code   RO         5182    .ARM.Collect$$$$00000004  mc_w.l(entry5.o)
    0x080000f4   0x080000f4   0x00000000   Code   RO         5184    .ARM.Collect$$$$00000008  mc_w.l(entry7b.o)
    0x080000f4   0x080000f4   0x00000000   Code   RO         5186    .ARM.Collect$$$$0000000A  mc_w.l(entry8b.o)
    0x080000f4   0x080000f4   0x00000008   Code   RO         5187    .ARM.Collect$$$$0000000B  mc_w.l(entry9a.o)
    0x080000fc   0x080000fc   0x00000000   Code   RO         5189    .ARM.Collect$$$$0000000D  mc_w.l(entry10a.o)
    0x080000fc   0x080000fc   0x00000000   Code   RO         5191    .ARM.Collect$$$$0000000F  mc_w.l(entry11a.o)
    0x080000fc   0x080000fc   0x00000004   Code   RO         5180    .ARM.Collect$$$$00002712  mc_w.l(entry2.o)
    0x08000100   0x08000100   0x00000024   Code   RO         1787    .text               startup_stm32f103xb.o
    0x08000124   0x08000124   0x00000020   Code   RO         5157    .text               mc_w.l(llushr.o)
    0x08000144   0x08000144   0x00000024   Code   RO         5159    .text               mc_w.l(memcpya.o)
    0x08000168   0x08000168   0x0000014e   Code   RO         5163    .text               mf_w.l(dadd.o)
    0x080002b6   0x080002b6   0x000000e4   Code   RO         5165    .text               mf_w.l(dmul.o)
    0x0800039a   0x0800039a   0x0000000a   Code   RO         5167    .text               mf_w.l(ffltui.o)
    0x080003a4   0x080003a4   0x00000022   Code   RO         5169    .text               mf_w.l(dflti.o)
    0x080003c6   0x080003c6   0x0000001a   Code   RO         5171    .text               mf_w.l(dfltui.o)
    0x080003e0   0x080003e0   0x00000032   Code   RO         5173    .text               mf_w.l(ffixi.o)
    0x08000412   0x08000412   0x00000032   Code   RO         5175    .text               mf_w.l(dfixui.o)
    0x08000444   0x08000444   0x00000014   Code   RO         5177    .text               mf_w.l(cfcmple.o)
    0x08000458   0x08000458   0x0000001e   Code   RO         5193    .text               mc_w.l(llshl.o)
    0x08000476   0x08000476   0x00000024   Code   RO         5195    .text               mc_w.l(llsshr.o)
    0x0800049a   0x0800049a   0x00000000   Code   RO         5197    .text               mc_w.l(iusefp.o)
    0x0800049a   0x0800049a   0x0000006e   Code   RO         5198    .text               mf_w.l(fepilogue.o)
    0x08000508   0x08000508   0x000000ba   Code   RO         5200    .text               mf_w.l(depilogue.o)
    0x080005c2   0x080005c2   0x00000002   PAD
    0x080005c4   0x080005c4   0x00000024   Code   RO         5202    .text               mc_w.l(init.o)
    0x080005e8   0x080005e8   0x0000005e   Code   RO         5212    .text               mc_w.l(__dclz77c.o)
    0x08000646   0x08000646   0x00000052   Code   RO         4416    i.ADC_ConversionStop_Disable  stm32f1xx_hal_adc.o
    0x08000698   0x08000698   0x00000052   Code   RO         4417    i.ADC_DMAConvCplt   stm32f1xx_hal_adc.o
    0x080006ea   0x080006ea   0x0000001e   Code   RO         4418    i.ADC_DMAError      stm32f1xx_hal_adc.o
    0x08000708   0x08000708   0x0000000e   Code   RO         4419    i.ADC_DMAHalfConvCplt  stm32f1xx_hal_adc.o
    0x08000716   0x08000716   0x00000002   PAD
    0x08000718   0x08000718   0x00000084   Code   RO         4420    i.ADC_Enable        stm32f1xx_hal_adc.o
    0x0800079c   0x0800079c   0x00000004   Code   RO          127    i.BusFault_Handler  stm32f1xx_it.o
    0x080007a0   0x080007a0   0x00000030   Code   RO         1056    i.CLR_Arr           display.o
    0x080007d0   0x080007d0   0x00000010   Code   RO          128    i.DMA1_Channel1_IRQHandler  stm32f1xx_it.o
    0x080007e0   0x080007e0   0x00000010   Code   RO          129    i.DMA1_Channel2_IRQHandler  stm32f1xx_it.o
    0x080007f0   0x080007f0   0x00000010   Code   RO          130    i.DMA1_Channel3_IRQHandler  stm32f1xx_it.o
    0x08000800   0x08000800   0x00000010   Code   RO          131    i.DMA1_Channel6_IRQHandler  stm32f1xx_it.o
    0x08000810   0x08000810   0x00000010   Code   RO          132    i.DMA1_Channel7_IRQHandler  stm32f1xx_it.o
    0x08000820   0x08000820   0x0000002c   Code   RO         3149    i.DMA_SetConfig     stm32f1xx_hal_dma.o
    0x0800084c   0x0800084c   0x0000000c   Code   RO         1588    i.DS18B20_Init      ds18b20.o
    0x08000858   0x08000858   0x00000002   Code   RO          133    i.DebugMon_Handler  stm32f1xx_it.o
    0x0800085a   0x0800085a   0x0000001a   Code   RO          874    i.DelayTimer        timer.o
    0x08000874   0x08000874   0x00000012   Code   RO         1590    i.Delay_Nus         ds18b20.o
    0x08000886   0x08000886   0x000000a0   Code   RO          696    i.Dis_Num           oled.o
    0x08000926   0x08000926   0x000000a0   Code   RO          697    i.Dis_Num_Inv       oled.o
    0x080009c6   0x080009c6   0x0000006a   Code   RO          699    i.Draw_BMP          oled.o
    0x08000a30   0x08000a30   0x000000d4   Code   RO          701    i.Draw_Power        oled.o
    0x08000b04   0x08000b04   0x0000000c   Code   RO          134    i.EXTI15_10_IRQHandler  stm32f1xx_it.o
    0x08000b10   0x08000b10   0x00000028   Code   RO         4244    i.FLASH_MassErase   stm32f1xx_hal_flash_ex.o
    0x08000b38   0x08000b38   0x00000028   Code   RO         4253    i.FLASH_PageErase   stm32f1xx_hal_flash_ex.o
    0x08000b60   0x08000b60   0x00000020   Code   RO         2483    i.FLASH_Program_HalfWord  stm32f1xx_hal_flash.o
    0x08000b80   0x08000b80   0x00000084   Code   RO         2484    i.FLASH_SetErrorCode  stm32f1xx_hal_flash.o
    0x08000c04   0x08000c04   0x00000070   Code   RO         2485    i.FLASH_WaitForLastOperation  stm32f1xx_hal_flash.o
    0x08000c74   0x08000c74   0x0000001c   Code   RO         1591    i.GPIO_DQ_Input_Mode  ds18b20.o
    0x08000c90   0x08000c90   0x00000024   Code   RO         1592    i.GPIO_DQ_Out_Mode  ds18b20.o
    0x08000cb4   0x08000cb4   0x00000160   Code   RO         4422    i.HAL_ADC_ConfigChannel  stm32f1xx_hal_adc.o
    0x08000e14   0x08000e14   0x00000002   Code   RO         4423    i.HAL_ADC_ConvCpltCallback  stm32f1xx_hal_adc.o
    0x08000e16   0x08000e16   0x00000002   Code   RO         4424    i.HAL_ADC_ConvHalfCpltCallback  stm32f1xx_hal_adc.o
    0x08000e18   0x08000e18   0x00000002   Code   RO         4426    i.HAL_ADC_ErrorCallback  stm32f1xx_hal_adc.o
    0x08000e1a   0x08000e1a   0x00000002   PAD
    0x08000e1c   0x08000e1c   0x00000144   Code   RO         4431    i.HAL_ADC_Init      stm32f1xx_hal_adc.o
    0x08000f60   0x08000f60   0x000000b0   Code   RO          432    i.HAL_ADC_MspInit   adc.o
    0x08001010   0x08001010   0x00000180   Code   RO         4438    i.HAL_ADC_Start_DMA  stm32f1xx_hal_adc.o
    0x08001190   0x08001190   0x0000003a   Code   RO         3150    i.HAL_DMA_Abort     stm32f1xx_hal_dma.o
    0x080011ca   0x080011ca   0x00000002   PAD
    0x080011cc   0x080011cc   0x000000b0   Code   RO         3151    i.HAL_DMA_Abort_IT  stm32f1xx_hal_dma.o
    0x0800127c   0x0800127c   0x0000019c   Code   RO         3155    i.HAL_DMA_IRQHandler  stm32f1xx_hal_dma.o
    0x08001418   0x08001418   0x00000070   Code   RO         3156    i.HAL_DMA_Init      stm32f1xx_hal_dma.o
    0x08001488   0x08001488   0x0000009c   Code   RO         3160    i.HAL_DMA_Start_IT  stm32f1xx_hal_dma.o
    0x08001524   0x08001524   0x000000b0   Code   RO         4254    i.HAL_FLASHEx_Erase  stm32f1xx_hal_flash_ex.o
    0x080015d4   0x080015d4   0x00000014   Code   RO         2489    i.HAL_FLASH_Lock    stm32f1xx_hal_flash.o
    0x080015e8   0x080015e8   0x000000b0   Code   RO         2494    i.HAL_FLASH_Program  stm32f1xx_hal_flash.o
    0x08001698   0x08001698   0x0000002c   Code   RO         2496    i.HAL_FLASH_Unlock  stm32f1xx_hal_flash.o
    0x080016c4   0x080016c4   0x00000030   Code   RO          350    i.HAL_GPIO_EXTI_Callback  gpio.o
    0x080016f4   0x080016f4   0x0000001c   Code   RO         4352    i.HAL_GPIO_EXTI_IRQHandler  stm32f1xx_hal_gpio.o
    0x08001710   0x08001710   0x0000031c   Code   RO         4353    i.HAL_GPIO_Init     stm32f1xx_hal_gpio.o
    0x08001a2c   0x08001a2c   0x00000010   Code   RO         4355    i.HAL_GPIO_ReadPin  stm32f1xx_hal_gpio.o
    0x08001a3c   0x08001a3c   0x0000000c   Code   RO         4357    i.HAL_GPIO_WritePin  stm32f1xx_hal_gpio.o
    0x08001a48   0x08001a48   0x0000000c   Code   RO         3956    i.HAL_GetTick       stm32f1xx_hal.o
    0x08001a54   0x08001a54   0x00000010   Code   RO         3958    i.HAL_IncTick       stm32f1xx_hal.o
    0x08001a64   0x08001a64   0x00000028   Code   RO         3959    i.HAL_Init          stm32f1xx_hal.o
    0x08001a8c   0x08001a8c   0x00000028   Code   RO         3960    i.HAL_InitTick      stm32f1xx_hal.o
    0x08001ab4   0x08001ab4   0x00000094   Code   RO            4    i.HAL_MspInit       stm32f1xx_hal_msp.o
    0x08001b48   0x08001b48   0x0000001a   Code   RO         4124    i.HAL_NVIC_EnableIRQ  stm32f1xx_hal_cortex.o
    0x08001b62   0x08001b62   0x0000007c   Code   RO         4130    i.HAL_NVIC_SetPriority  stm32f1xx_hal_cortex.o
    0x08001bde   0x08001bde   0x00000002   PAD
    0x08001be0   0x08001be0   0x00000028   Code   RO         4131    i.HAL_NVIC_SetPriorityGrouping  stm32f1xx_hal_cortex.o
    0x08001c08   0x08001c08   0x0000000c   Code   RO         3031    i.HAL_PWR_EnableBkUpAccess  stm32f1xx_hal_pwr.o
    0x08001c14   0x08001c14   0x00000020   Code   RO         3036    i.HAL_PWR_EnterSLEEPMode  stm32f1xx_hal_pwr.o
    0x08001c34   0x08001c34   0x00000028   Code   RO         3037    i.HAL_PWR_EnterSTANDBYMode  stm32f1xx_hal_pwr.o
    0x08001c5c   0x08001c5c   0x00000120   Code   RO         3886    i.HAL_RCCEx_GetPeriphCLKFreq  stm32f1xx_hal_rcc_ex.o
    0x08001d7c   0x08001d7c   0x00000130   Code   RO         3887    i.HAL_RCCEx_PeriphCLKConfig  stm32f1xx_hal_rcc_ex.o
    0x08001eac   0x08001eac   0x000001a4   Code   RO         2918    i.HAL_RCC_ClockConfig  stm32f1xx_hal_rcc.o
    0x08002050   0x08002050   0x0000000c   Code   RO         2923    i.HAL_RCC_GetHCLKFreq  stm32f1xx_hal_rcc.o
    0x0800205c   0x0800205c   0x00000020   Code   RO         2925    i.HAL_RCC_GetPCLK1Freq  stm32f1xx_hal_rcc.o
    0x0800207c   0x0800207c   0x00000020   Code   RO         2926    i.HAL_RCC_GetPCLK2Freq  stm32f1xx_hal_rcc.o
    0x0800209c   0x0800209c   0x00000098   Code   RO         2927    i.HAL_RCC_GetSysClockFreq  stm32f1xx_hal_rcc.o
    0x08002134   0x08002134   0x00000440   Code   RO         2930    i.HAL_RCC_OscConfig  stm32f1xx_hal_rcc.o
    0x08002574   0x08002574   0x00000018   Code   RO         4771    i.HAL_RTCEx_BKUPRead  stm32f1xx_hal_rtc_ex.o
    0x0800258c   0x0800258c   0x00000018   Code   RO         4772    i.HAL_RTCEx_BKUPWrite  stm32f1xx_hal_rtc_ex.o
    0x080025a4   0x080025a4   0x00000002   Code   RO         4596    i.HAL_RTC_AlarmAEventCallback  stm32f1xx_hal_rtc.o
    0x080025a6   0x080025a6   0x00000002   PAD
    0x080025a8   0x080025a8   0x00000038   Code   RO         4597    i.HAL_RTC_AlarmIRQHandler  stm32f1xx_hal_rtc.o
    0x080025e0   0x080025e0   0x00000104   Code   RO         4603    i.HAL_RTC_GetTime   stm32f1xx_hal_rtc.o
    0x080026e4   0x080026e4   0x000000d0   Code   RO         4604    i.HAL_RTC_Init      stm32f1xx_hal_rtc.o
    0x080027b4   0x080027b4   0x0000006c   Code   RO         1463    i.HAL_RTC_MspInit   rtc.o
    0x08002820   0x08002820   0x00000108   Code   RO         4609    i.HAL_RTC_SetAlarm_IT  stm32f1xx_hal_rtc.o
    0x08002928   0x08002928   0x000000f8   Code   RO         4610    i.HAL_RTC_SetDate   stm32f1xx_hal_rtc.o
    0x08002a20   0x08002a20   0x000000dc   Code   RO         4611    i.HAL_RTC_SetTime   stm32f1xx_hal_rtc.o
    0x08002afc   0x08002afc   0x00000040   Code   RO         4612    i.HAL_RTC_WaitForSynchro  stm32f1xx_hal_rtc.o
    0x08002b3c   0x08002b3c   0x00000086   Code   RO         3921    i.HAL_SPI_Init      stm32f1xx_hal_spi_ex.o
    0x08002bc2   0x08002bc2   0x00000002   PAD
    0x08002bc4   0x08002bc4   0x00000064   Code   RO          390    i.HAL_SPI_MspInit   spi.o
    0x08002c28   0x08002c28   0x0000016c   Code   RO         1845    i.HAL_SPI_Receive   stm32f1xx_hal_spi.o
    0x08002d94   0x08002d94   0x000001a6   Code   RO         1850    i.HAL_SPI_Transmit  stm32f1xx_hal_spi.o
    0x08002f3a   0x08002f3a   0x0000021e   Code   RO         1851    i.HAL_SPI_TransmitReceive  stm32f1xx_hal_spi.o
    0x08003158   0x08003158   0x00000028   Code   RO         4133    i.HAL_SYSTICK_CLKSourceConfig  stm32f1xx_hal_cortex.o
    0x08003180   0x08003180   0x00000018   Code   RO         1344    i.HAL_SYSTICK_Callback  speak.o
    0x08003198   0x08003198   0x00000034   Code   RO         4135    i.HAL_SYSTICK_Config  stm32f1xx_hal_cortex.o
    0x080031cc   0x080031cc   0x00000008   Code   RO         4136    i.HAL_SYSTICK_IRQHandler  stm32f1xx_hal_cortex.o
    0x080031d4   0x080031d4   0x00000002   Code   RO         2154    i.HAL_TIMEx_BreakCallback  stm32f1xx_hal_tim_ex.o
    0x080031d6   0x080031d6   0x00000002   Code   RO         2155    i.HAL_TIMEx_CommutationCallback  stm32f1xx_hal_tim_ex.o
    0x080031d8   0x080031d8   0x00000062   Code   RO         2171    i.HAL_TIMEx_MasterConfigSynchronization  stm32f1xx_hal_tim_ex.o
    0x0800323a   0x0800323a   0x00000034   Code   RO         3246    i.HAL_TIM_Base_Init  stm32f1xx_hal_tim.o
    0x0800326e   0x0800326e   0x00000002   PAD
    0x08003270   0x08003270   0x00000044   Code   RO          926    i.HAL_TIM_Base_MspInit  tim.o
    0x080032b4   0x080032b4   0x0000001e   Code   RO         3251    i.HAL_TIM_Base_Start_IT  stm32f1xx_hal_tim.o
    0x080032d2   0x080032d2   0x00000132   Code   RO         3255    i.HAL_TIM_ConfigClockSource  stm32f1xx_hal_tim.o
    0x08003404   0x08003404   0x00000002   Code   RO         3275    i.HAL_TIM_IC_CaptureCallback  stm32f1xx_hal_tim.o
    0x08003406   0x08003406   0x00000196   Code   RO         3288    i.HAL_TIM_IRQHandler  stm32f1xx_hal_tim.o
    0x0800359c   0x0800359c   0x00000002   Code   RO         3291    i.HAL_TIM_OC_DelayElapsedCallback  stm32f1xx_hal_tim.o
    0x0800359e   0x0800359e   0x00000002   Code   RO         3318    i.HAL_TIM_PWM_PulseFinishedCallback  stm32f1xx_hal_tim.o
    0x080035a0   0x080035a0   0x0000003c   Code   RO          927    i.HAL_TIM_PeriodElapsedCallback  tim.o
    0x080035dc   0x080035dc   0x00000002   Code   RO         3329    i.HAL_TIM_TriggerCallback  stm32f1xx_hal_tim.o
    0x080035de   0x080035de   0x00000050   Code   RO         2596    i.HAL_UART_AbortReceive  stm32f1xx_hal_uart.o
    0x0800362e   0x0800362e   0x00000002   Code   RO         2607    i.HAL_UART_ErrorCallback  stm32f1xx_hal_uart.o
    0x08003630   0x08003630   0x0000014c   Code   RO         2610    i.HAL_UART_IRQHandler  stm32f1xx_hal_uart.o
    0x0800377c   0x0800377c   0x00000072   Code   RO         2611    i.HAL_UART_Init     stm32f1xx_hal_uart.o
    0x080037ee   0x080037ee   0x00000002   PAD
    0x080037f0   0x080037f0   0x000001d8   Code   RO          264    i.HAL_UART_MspInit  usart.o
    0x080039c8   0x080039c8   0x000000de   Code   RO         2614    i.HAL_UART_Receive  stm32f1xx_hal_uart.o
    0x08003aa6   0x08003aa6   0x00000002   PAD
    0x08003aa8   0x08003aa8   0x000000c4   Code   RO         2615    i.HAL_UART_Receive_DMA  stm32f1xx_hal_uart.o
    0x08003b6c   0x08003b6c   0x0000004c   Code   RO          265    i.HAL_UART_RxCpltCallback  usart.o
    0x08003bb8   0x08003bb8   0x00000002   Code   RO         2618    i.HAL_UART_RxHalfCpltCallback  stm32f1xx_hal_uart.o
    0x08003bba   0x08003bba   0x000000d6   Code   RO         2619    i.HAL_UART_Transmit  stm32f1xx_hal_uart.o
    0x08003c90   0x08003c90   0x0000009c   Code   RO         2620    i.HAL_UART_Transmit_DMA  stm32f1xx_hal_uart.o
    0x08003d2c   0x08003d2c   0x00000002   Code   RO          266    i.HAL_UART_TxCpltCallback  usart.o
    0x08003d2e   0x08003d2e   0x00000002   Code   RO         2623    i.HAL_UART_TxHalfCpltCallback  stm32f1xx_hal_uart.o
    0x08003d30   0x08003d30   0x00000004   Code   RO          135    i.HardFault_Handler  stm32f1xx_it.o
    0x08003d34   0x08003d34   0x00000034   Code   RO         1198    i.IntTostr          wir433.o
    0x08003d68   0x08003d68   0x00000038   Code   RO          704    i.LCD_CLS           oled.o
    0x08003da0   0x08003da0   0x0000001c   Code   RO          705    i.LCD_DLY_ms        oled.o
    0x08003dbc   0x08003dbc   0x00000100   Code   RO          706    i.LCD_P14x16Str     oled.o
    0x08003ebc   0x08003ebc   0x00000088   Code   RO          708    i.LCD_P8x16Str      oled.o
    0x08003f44   0x08003f44   0x00000090   Code   RO          709    i.LCD_P8x16Str_Invers  oled.o
    0x08003fd4   0x08003fd4   0x00000064   Code   RO          710    i.LCD_Print         oled.o
    0x08004038   0x08004038   0x00000024   Code   RO          713    i.LCD_Set_Pos       oled.o
    0x0800405c   0x0800405c   0x00000064   Code   RO          714    i.LCD_WrCmd         oled.o
    0x080040c0   0x080040c0   0x00000064   Code   RO          715    i.LCD_WrDat         oled.o
    0x08004124   0x08004124   0x00000098   Code   RO          999    i.LED_IRQHandle     led.o
    0x080041bc   0x080041bc   0x0000008c   Code   RO         1345    i.Line_1A_WTN6      speak.o
    0x08004248   0x08004248   0x000000a4   Code   RO          433    i.MX_ADC1_Init      adc.o
    0x080042ec   0x080042ec   0x00000074   Code   RO          975    i.MX_DMA_Init       dma.o
    0x08004360   0x08004360   0x00000128   Code   RO          351    i.MX_GPIO_Init      gpio.o
    0x08004488   0x08004488   0x000000a4   Code   RO         1464    i.MX_RTC_Init       rtc.o
    0x0800452c   0x0800452c   0x00000058   Code   RO          391    i.MX_SPI1_Init      spi.o
    0x08004584   0x08004584   0x0000007c   Code   RO          928    i.MX_TIM1_Init      tim.o
    0x08004600   0x08004600   0x0000004c   Code   RO          267    i.MX_USART2_UART_Init  usart.o
    0x0800464c   0x0800464c   0x0000004c   Code   RO          268    i.MX_USART3_UART_Init  usart.o
    0x08004698   0x08004698   0x00000004   Code   RO          136    i.MemManage_Handler  stm32f1xx_it.o
    0x0800469c   0x0800469c   0x00000002   Code   RO          137    i.NMI_Handler       stm32f1xx_it.o
    0x0800469e   0x0800469e   0x00000002   PAD
    0x080046a0   0x080046a0   0x00000010   Code   RO         4137    i.NVIC_GetPriorityGrouping  stm32f1xx_hal_cortex.o
    0x080046b0   0x080046b0   0x00000028   Code   RO         4138    i.NVIC_SetPriority  stm32f1xx_hal_cortex.o
    0x080046d8   0x080046d8   0x0000003a   Code   RO          718    i.OLCD_Fill         oled.o
    0x08004712   0x08004712   0x00000002   PAD
    0x08004714   0x08004714   0x000000dc   Code   RO          719    i.OLED_Init         oled.o
    0x080047f0   0x080047f0   0x00000002   Code   RO          138    i.PendSV_Handler    stm32f1xx_it.o
    0x080047f2   0x080047f2   0x00000002   PAD
    0x080047f4   0x080047f4   0x00000028   Code   RO         2931    i.RCC_Delay         stm32f1xx_hal_rcc.o
    0x0800481c   0x0800481c   0x000000a0   Code   RO          473    i.RTC_AlarmConfig   main.o
    0x080048bc   0x080048bc   0x00000010   Code   RO          139    i.RTC_Alarm_IRQHandler  stm32f1xx_it.o
    0x080048cc   0x080048cc   0x00000016   Code   RO         4613    i.RTC_Bcd2ToByte    stm32f1xx_hal_rtc.o
    0x080048e2   0x080048e2   0x0000001a   Code   RO         4614    i.RTC_ByteToBcd2    stm32f1xx_hal_rtc.o
    0x080048fc   0x080048fc   0x000000b6   Code   RO         4615    i.RTC_DateUpdate    stm32f1xx_hal_rtc.o
    0x080049b2   0x080049b2   0x0000003a   Code   RO         4616    i.RTC_EnterInitMode  stm32f1xx_hal_rtc.o
    0x080049ec   0x080049ec   0x0000003a   Code   RO         4617    i.RTC_ExitInitMode  stm32f1xx_hal_rtc.o
    0x08004a26   0x08004a26   0x00000032   Code   RO         4618    i.RTC_IsLeapYear    stm32f1xx_hal_rtc.o
    0x08004a58   0x08004a58   0x00000018   Code   RO         4619    i.RTC_ReadAlarmCounter  stm32f1xx_hal_rtc.o
    0x08004a70   0x08004a70   0x00000034   Code   RO         4620    i.RTC_ReadTimeCounter  stm32f1xx_hal_rtc.o
    0x08004aa4   0x08004aa4   0x00000084   Code   RO         4621    i.RTC_WeekDayNum    stm32f1xx_hal_rtc.o
    0x08004b28   0x08004b28   0x0000002e   Code   RO         4622    i.RTC_WriteAlarmCounter  stm32f1xx_hal_rtc.o
    0x08004b56   0x08004b56   0x0000002e   Code   RO         4623    i.RTC_WriteTimeCounter  stm32f1xx_hal_rtc.o
    0x08004b84   0x08004b84   0x00000044   Code   RO          875    i.ReadTimer         timer.o
    0x08004bc8   0x08004bc8   0x00000050   Code   RO         1593    i.Read_OneByte_FromDS18b20  ds18b20.o
    0x08004c18   0x08004c18   0x0000005c   Code   RO         1594    i.Rx_PresencePulse  ds18b20.o
    0x08004c74   0x08004c74   0x00000028   Code   RO         1866    i.SPI_CheckFlag_BSY  stm32f1xx_hal_spi.o
    0x08004c9c   0x08004c9c   0x000000aa   Code   RO         1885    i.SPI_WaitFlagStateUntilTimeout  stm32f1xx_hal_spi.o
    0x08004d46   0x08004d46   0x00000022   Code   RO         1412    i.STMFLASH_Read     stm_flash.o
    0x08004d68   0x08004d68   0x00000006   Code   RO         1413    i.STMFLASH_ReadHalfWord  stm_flash.o
    0x08004d6e   0x08004d6e   0x00000002   PAD
    0x08004d70   0x08004d70   0x000000fc   Code   RO         1414    i.STMFLASH_Write    stm_flash.o
    0x08004e6c   0x08004e6c   0x0000002c   Code   RO         1415    i.STMFLASH_Write_NoCheck  stm_flash.o
    0x08004e98   0x08004e98   0x00000002   Code   RO          140    i.SVC_Handler       stm32f1xx_it.o
    0x08004e9a   0x08004e9a   0x00000002   PAD
    0x08004e9c   0x08004e9c   0x00000038   Code   RO          877    i.StartTimer        timer.o
    0x08004ed4   0x08004ed4   0x0000000c   Code   RO          141    i.SysTick_Handler   stm32f1xx_it.o
    0x08004ee0   0x08004ee0   0x000000b8   Code   RO          474    i.SystemClock_Config  main.o
    0x08004f98   0x08004f98   0x00000058   Code   RO         1795    i.SystemInit        system_stm32f1xx.o
    0x08004ff0   0x08004ff0   0x00000010   Code   RO          142    i.TIM1_UP_IRQHandler  stm32f1xx_it.o
    0x08005000   0x08005000   0x00000074   Code   RO         3330    i.TIM_Base_SetConfig  stm32f1xx_hal_tim.o
    0x08005074   0x08005074   0x00000018   Code   RO         3337    i.TIM_ETR_SetConfig  stm32f1xx_hal_tim.o
    0x0800508c   0x0800508c   0x00000014   Code   RO         3338    i.TIM_ITRx_SetConfig  stm32f1xx_hal_tim.o
    0x080050a0   0x080050a0   0x0000002a   Code   RO         3344    i.TIM_TI1_ConfigInputStage  stm32f1xx_hal_tim.o
    0x080050ca   0x080050ca   0x0000002c   Code   RO         3346    i.TIM_TI2_ConfigInputStage  stm32f1xx_hal_tim.o
    0x080050f6   0x080050f6   0x00000002   PAD
    0x080050f8   0x080050f8   0x00000030   Code   RO         1595    i.Tx_ResetPulse     ds18b20.o
    0x08005128   0x08005128   0x00000014   Code   RO         2624    i.UART_DMAAbortOnError  stm32f1xx_hal_uart.o
    0x0800513c   0x0800513c   0x00000050   Code   RO         2625    i.UART_DMAError     stm32f1xx_hal_uart.o
    0x0800518c   0x0800518c   0x00000046   Code   RO         2626    i.UART_DMAReceiveCplt  stm32f1xx_hal_uart.o
    0x080051d2   0x080051d2   0x0000000e   Code   RO         2628    i.UART_DMARxHalfCplt  stm32f1xx_hal_uart.o
    0x080051e0   0x080051e0   0x00000036   Code   RO         2630    i.UART_DMATransmitCplt  stm32f1xx_hal_uart.o
    0x08005216   0x08005216   0x0000000e   Code   RO         2632    i.UART_DMATxHalfCplt  stm32f1xx_hal_uart.o
    0x08005224   0x08005224   0x00000020   Code   RO         2634    i.UART_EndRxTransfer  stm32f1xx_hal_uart.o
    0x08005244   0x08005244   0x00000020   Code   RO         2635    i.UART_EndTransmit_IT  stm32f1xx_hal_uart.o
    0x08005264   0x08005264   0x00000014   Code   RO         2636    i.UART_EndTxTransfer  stm32f1xx_hal_uart.o
    0x08005278   0x08005278   0x000000a6   Code   RO         2637    i.UART_Receive_IT   stm32f1xx_hal_uart.o
    0x0800531e   0x0800531e   0x00000002   PAD
    0x08005320   0x08005320   0x000001c8   Code   RO         2638    i.UART_SetConfig    stm32f1xx_hal_uart.o
    0x080054e8   0x080054e8   0x00000068   Code   RO         2639    i.UART_Transmit_IT  stm32f1xx_hal_uart.o
    0x08005550   0x08005550   0x0000006c   Code   RO         2640    i.UART_WaitOnFlagUntilTimeout  stm32f1xx_hal_uart.o
    0x080055bc   0x080055bc   0x00000010   Code   RO          143    i.USART2_IRQHandler  stm32f1xx_it.o
    0x080055cc   0x080055cc   0x00000010   Code   RO          144    i.USART3_IRQHandler  stm32f1xx_it.o
    0x080055dc   0x080055dc   0x00000004   Code   RO          145    i.UsageFault_Handler  stm32f1xx_it.o
    0x080055e0   0x080055e0   0x00000068   Code   RO         1597    i.Write_OneByte_ToDS18b20  ds18b20.o
    0x08005648   0x08005648   0x00000004   Code   RO          475    i._Error_Handler    main.o
    0x0800564c   0x0800564c   0x0000000e   Code   RO         5206    i.__scatterload_copy  mc_w.l(handlers.o)
    0x0800565a   0x0800565a   0x00000002   Code   RO         5207    i.__scatterload_null  mc_w.l(handlers.o)
    0x0800565c   0x0800565c   0x0000000e   Code   RO         5208    i.__scatterload_zeroinit  mc_w.l(handlers.o)
    0x0800566a   0x0800566a   0x00000010   Code   RO          604    i.absi              key.o
    0x0800567a   0x0800567a   0x00000002   PAD
    0x0800567c   0x0800567c   0x00000080   Code   RO         1504    i.bRadio_Check_Tx_RX  radio.o
    0x080056fc   0x080056fc   0x00000114   Code   RO          476    i.beforSleep        main.o
    0x08005810   0x08005810   0x000000ac   Code   RO         1136    i.bleCheckConn      ble.o
    0x080058bc   0x080058bc   0x0000008c   Code   RO         1137    i.bleGetDate        ble.o
    0x08005948   0x08005948   0x000000b8   Code   RO         1138    i.bleTask           ble.o
    0x08005a00   0x08005a00   0x00000028   Code   RO         1057    i.changeSN          display.o
    0x08005a28   0x08005a28   0x000000f0   Code   RO         1199    i.cmdSolve          wir433.o
    0x08005b18   0x08005b18   0x00000148   Code   RO          667    i.deal_key_event    key_event.o
    0x08005c60   0x08005c60   0x0000001e   Code   RO         1347    i.delay_us          speak.o
    0x08005c7e   0x08005c7e   0x00000002   PAD
    0x08005c80   0x08005c80   0x0000003c   Code   RO          477    i.getAdcAfterFilt   main.o
    0x08005cbc   0x08005cbc   0x00000016   Code   RO         1139    i.getCheck          ble.o
    0x08005cd2   0x08005cd2   0x00000002   PAD
    0x08005cd4   0x08005cd4   0x00000014   Code   RO         1721    i.getPairStatus     radio_app.o
    0x08005ce8   0x08005ce8   0x00000108   Code   RO         1685    i.getStress         stress.o
    0x08005df0   0x08005df0   0x0000000c   Code   RO         1200    i.getWirStatus      wir433.o
    0x08005dfc   0x08005dfc   0x0000000c   Code   RO         1598    i.get_data          ds18b20.o
    0x08005e08   0x08005e08   0x00000064   Code   RO          606    i.get_key_msg       key.o
    0x08005e6c   0x08005e6c   0x00000128   Code   RO         1140    i.initBLE           ble.o
    0x08005f94   0x08005f94   0x000002dc   Code   RO         1201    i.init_WIR433       wir433.o
    0x08006270   0x08006270   0x000000f0   Code   RO          607    i.key_IRQHandler    key.o
    0x08006360   0x08006360   0x0000004c   Code   RO          608    i.key_check         key.o
    0x080063ac   0x080063ac   0x00000044   Code   RO         1000    i.led_off           led.o
    0x080063f0   0x080063f0   0x00000028   Code   RO         1001    i.led_on            led.o
    0x08006418   0x08006418   0x00000c78   Code   RO          478    i.main              main.o
    0x08007090   0x08007090   0x0000004e   Code   RO          479    i.menFind           main.o
    0x080070de   0x080070de   0x00000014   Code   RO          480    i.menclr            main.o
    0x080070f2   0x080070f2   0x0000002c   Code   RO          481    i.mencpr            main.o
    0x0800711e   0x0800711e   0x00000016   Code   RO          482    i.mencpy            main.o
    0x08007134   0x08007134   0x000000ac   Code   RO         1722    i.packHUD1          radio_app.o
    0x080071e0   0x080071e0   0x000000c8   Code   RO         1723    i.packHUD2          radio_app.o
    0x080072a8   0x080072a8   0x0000010c   Code   RO          483    i.paraInit          main.o
    0x080073b4   0x080073b4   0x00000034   Code   RO         1202    i.popCMD            wir433.o
    0x080073e8   0x080073e8   0x00000044   Code   RO         1203    i.pushCMD           wir433.o
    0x0800742c   0x0800742c   0x0000003c   Code   RO         1724    i.radioAppInit      radio_app.o
    0x08007468   0x08007468   0x0000000c   Code   RO         1725    i.radioPair         radio_app.o
    0x08007474   0x08007474   0x000000ec   Code   RO         1726    i.radioTask         radio_app.o
    0x08007560   0x08007560   0x0000000c   Code   RO         4873    i.radio_comm_ClearCTS  radio_comm.o
    0x0800756c   0x0800756c   0x0000005c   Code   RO         4874    i.radio_comm_GetResp  radio_comm.o
    0x080075c8   0x080075c8   0x0000000c   Code   RO         4875    i.radio_comm_PollCTS  radio_comm.o
    0x080075d4   0x080075d4   0x00000040   Code   RO         4876    i.radio_comm_ReadData  radio_comm.o
    0x08007614   0x08007614   0x00000030   Code   RO         4877    i.radio_comm_SendCmd  radio_comm.o
    0x08007644   0x08007644   0x00000020   Code   RO         4878    i.radio_comm_SendCmdGetResp  radio_comm.o
    0x08007664   0x08007664   0x00000040   Code   RO         4879    i.radio_comm_WriteData  radio_comm.o
    0x080076a4   0x080076a4   0x00000014   Code   RO         4940    i.radio_hal_AssertShutdown  radio_hal.o
    0x080076b8   0x080076b8   0x00000014   Code   RO         4941    i.radio_hal_ClearNsel  radio_hal.o
    0x080076cc   0x080076cc   0x00000014   Code   RO         4942    i.radio_hal_DeassertShutdown  radio_hal.o
    0x080076e0   0x080076e0   0x00000010   Code   RO         4947    i.radio_hal_NirqLevel  radio_hal.o
    0x080076f0   0x080076f0   0x00000014   Code   RO         4948    i.radio_hal_SetNsel  radio_hal.o
    0x08007704   0x08007704   0x00000018   Code   RO         4949    i.radio_hal_SpiReadByte  radio_hal.o
    0x0800771c   0x0800771c   0x00000018   Code   RO         4950    i.radio_hal_SpiReadData  radio_hal.o
    0x08007734   0x08007734   0x00000014   Code   RO         4951    i.radio_hal_SpiWriteByte  radio_hal.o
    0x08007748   0x08007748   0x00000018   Code   RO         4952    i.radio_hal_SpiWriteData  radio_hal.o
    0x08007760   0x08007760   0x00000020   Code   RO         1002    i.register_led      led.o
    0x08007780   0x08007780   0x00000060   Code   RO         1204    i.reply             wir433.o
    0x080077e0   0x080077e0   0x000000e4   Code   RO         1205    i.replyGroup        wir433.o
    0x080078c4   0x080078c4   0x000000d4   Code   RO         1206    i.replySet2         wir433.o
    0x08007998   0x08007998   0x000000ec   Code   RO         1207    i.returnDate        wir433.o
    0x08007a84   0x08007a84   0x000000f4   Code   RO         1599    i.runTemperature    ds18b20.o
    0x08007b78   0x08007b78   0x000000c0   Code   RO         1141    i.sendInfo          ble.o
    0x08007c38   0x08007c38   0x00000070   Code   RO          609    i.send_key_msg      key.o
    0x08007ca8   0x08007ca8   0x0000003c   Code   RO         1208    i.setMode           wir433.o
    0x08007ce4   0x08007ce4   0x00000012   Code   RO         1348    i.setVoice          speak.o
    0x08007cf6   0x08007cf6   0x00000002   PAD
    0x08007cf8   0x08007cf8   0x0000000c   Code   RO         1686    i.set_Init          stress.o
    0x08007d04   0x08007d04   0x00000218   Code   RO         1058    i.showPageOne       display.o
    0x08007f1c   0x08007f1c   0x00000084   Code   RO         1059    i.showPageSetBLE    display.o
    0x08007fa0   0x08007fa0   0x00000084   Code   RO         1060    i.showPageSetCal    display.o
    0x08008024   0x08008024   0x0000008c   Code   RO         1061    i.showPageSetDATA   display.o
    0x080080b0   0x080080b0   0x0000007c   Code   RO         1062    i.showPageSetHUD    display.o
    0x0800812c   0x0800812c   0x00000074   Code   RO         1063    i.showPageSetSel    display.o
    0x080081a0   0x080081a0   0x0000003c   Code   RO         1064    i.showPageThree     display.o
    0x080081dc   0x080081dc   0x00000094   Code   RO         1065    i.showPageTwo       display.o
    0x08008270   0x08008270   0x0000001c   Code   RO         5036    i.si446x_change_state  si446x_api_lib.o
    0x0800828c   0x0800828c   0x0000006c   Code   RO         5037    i.si446x_configuration_init  si446x_api_lib.o
    0x080082f8   0x080082f8   0x00000030   Code   RO         5038    i.si446x_fifo_info  si446x_api_lib.o
    0x08008328   0x08008328   0x0000005c   Code   RO         5039    i.si446x_get_int_status  si446x_api_lib.o
    0x08008384   0x08008384   0x00000070   Code   RO         5043    i.si446x_part_info  si446x_api_lib.o
    0x080083f4   0x080083f4   0x00000014   Code   RO         5045    i.si446x_read_rx_fifo  si446x_api_lib.o
    0x08008408   0x08008408   0x00000028   Code   RO         5046    i.si446x_reset      si446x_api_lib.o
    0x08008430   0x08008430   0x0000003c   Code   RO         5048    i.si446x_start_rx   si446x_api_lib.o
    0x0800846c   0x0800846c   0x0000002c   Code   RO         5049    i.si446x_start_tx   si446x_api_lib.o
    0x08008498   0x08008498   0x00000014   Code   RO         5050    i.si446x_write_tx_fifo  si446x_api_lib.o
    0x080084ac   0x080084ac   0x00000012   Code   RO         1349    i.spkRunPlay        speak.o
    0x080084be   0x080084be   0x00000002   PAD
    0x080084c0   0x080084c0   0x0000018c   Code   RO         1350    i.spkTask           speak.o
    0x0800864c   0x0800864c   0x00000024   Code   RO         1003    i.startLed          led.o
    0x08008670   0x08008670   0x00000010   Code   RO         1004    i.stopLed           led.o
    0x08008680   0x08008680   0x00000022   Code   RO         1209    i.strToInt          wir433.o
    0x080086a2   0x080086a2   0x00000002   PAD
    0x080086a4   0x080086a4   0x00000070   Code   RO          879    i.timer_IRQ_Handle  timer.o
    0x08008714   0x08008714   0x00000020   Code   RO         1210    i.turnOffWir433     wir433.o
    0x08008734   0x08008734   0x00000020   Code   RO         1211    i.turnOnWir433      wir433.o
    0x08008754   0x08008754   0x00000048   Code   RO         1212    i.upLoad            wir433.o
    0x0800879c   0x0800879c   0x0000003c   Code   RO         1505    i.vRadio_Init       radio.o
    0x080087d8   0x080087d8   0x00000020   Code   RO         1506    i.vRadio_PowerUp    radio.o
    0x080087f8   0x080087f8   0x0000002c   Code   RO         1507    i.vRadio_StartRX    radio.o
    0x08008824   0x08008824   0x00000032   Code   RO         1508    i.vRadio_StartTx_Variable_Packet  radio.o
    0x08008856   0x08008856   0x00000002   PAD
    0x08008858   0x08008858   0x000002f4   Code   RO         1213    i.wir433Task        wir433.o
    0x08008b4c   0x08008b4c   0x0000003c   Code   RO         1214    i.wirReg            wir433.o
    0x08008b88   0x08008b88   0x0000003c   Code   RO         1215    i.wirTurnOff        wir433.o
    0x08008bc4   0x08008bc4   0x0000004c   Code   RO         1216    i.writeGPToFlash    wir433.o
    0x08008c10   0x08008c10   0x0000003c   Code   RO         1217    i.writeGPToRam      wir433.o
    0x08008c4c   0x08008c4c   0x00000b49   Data   RO          722    .constdata          oled.o
    0x08009795   0x08009795   0x00000018   Data   RO         1796    .constdata          system_stm32f1xx.o
    0x080097ad   0x080097ad   0x00000003   PAD
    0x080097b0   0x080097b0   0x00000020   Data   RO         5204    Region$$Table       anon$$obj.o


    Execution Region RW_IRAM1 (Exec base: 0x20000000, Load base: 0x080097d0, Size: 0x00003100, Max: 0x00005000, ABSOLUTE, COMPRESSED[0x00000c6c])

    Exec Addr    Load Addr    Size         Type   Attr      Idx    E Section Name        Object

    0x20000000   COMPRESSED   0x00000014   Data   RW          485    .data               main.o
    0x20000014   COMPRESSED   0x00000030   Data   RW          611    .data               key.o
    0x20000044   COMPRESSED   0x00001f90   Data   RW          723    .data               oled.o
    0x20001fd4   COMPRESSED   0x00000001   Data   RW          930    .data               tim.o
    0x20001fd5   COMPRESSED   0x00000001   Data   RW         1066    .data               display.o
    0x20001fd6   COMPRESSED   0x00000002   Data   RW         1143    .data               ble.o
    0x20001fd8   COMPRESSED   0x0000000a   Data   RW         1219    .data               wir433.o
    0x20001fe2   COMPRESSED   0x00000002   PAD
    0x20001fe4   COMPRESSED   0x0000000e   Data   RW         1351    .data               speak.o
    0x20001ff2   COMPRESSED   0x00000002   PAD
    0x20001ff4   COMPRESSED   0x000001bc   Data   RW         1510    .data               radio.o
    0x200021b0   COMPRESSED   0x00000011   Data   RW         1601    .data               ds18b20.o
    0x200021c1   COMPRESSED   0x00000001   PAD
    0x200021c2   COMPRESSED   0x00000003   Data   RW         1687    .data               stress.o
    0x200021c5   COMPRESSED   0x00000003   PAD
    0x200021c8   COMPRESSED   0x00000010   Data   RW         1728    .data               radio_app.o
    0x200021d8   COMPRESSED   0x00000004   Data   RW         1797    .data               system_stm32f1xx.o
    0x200021dc   COMPRESSED   0x00000004   Data   RW         3965    .data               stm32f1xx_hal.o
    0x200021e0   COMPRESSED   0x00000001   Data   RW         4880    .data               radio_comm.o
    0x200021e1   COMPRESSED   0x00000003   PAD
    0x200021e4        -       0x00000190   Zero   RW          269    .bss                usart.o
    0x20002374        -       0x00000058   Zero   RW          392    .bss                spi.o
    0x200023cc        -       0x00000074   Zero   RW          434    .bss                adc.o
    0x20002440        -       0x000001a0   Zero   RW          484    .bss                main.o
    0x200025e0        -       0x00000064   Zero   RW          610    .bss                key.o
    0x20002644        -       0x00000010   Zero   RW          721    .bss                oled.o
    0x20002654        -       0x00000060   Zero   RW          880    .bss                timer.o
    0x200026b4        -       0x00000040   Zero   RW          929    .bss                tim.o
    0x200026f4        -       0x00000030   Zero   RW         1005    .bss                led.o
    0x20002724        -       0x00000050   Zero   RW         1142    .bss                ble.o
    0x20002774        -       0x000000d0   Zero   RW         1218    .bss                wir433.o
    0x20002844        -       0x00000400   Zero   RW         1417    .bss                stm_flash.o
    0x20002c44        -       0x00000014   Zero   RW         1465    .bss                rtc.o
    0x20002c58        -       0x00000040   Zero   RW         1509    .bss                radio.o
    0x20002c98        -       0x00000010   Zero   RW         1600    .bss                ds18b20.o
    0x20002ca8        -       0x00000015   Zero   RW         1727    .bss                radio_app.o
    0x20002cbd   COMPRESSED   0x00000003   PAD
    0x20002cc0        -       0x00000020   Zero   RW         2497    .bss                stm32f1xx_hal_flash.o
    0x20002ce0        -       0x00000020   Zero   RW         5051    .bss                si446x_api_lib.o
    0x20002d00        -       0x00000400   Zero   RW         1784    STACK               startup_stm32f103xb.o


==============================================================================

Image component sizes


      Code (inc. data)   RO Data    RW Data    ZI Data      Debug   Object Name

       340         66          0          0        116       1747   adc.o
      1006        150          0          2         80       4205   ble.o
      1476        378          0          1          0       5781   display.o
       116          4          0          0          0        762   dma.o
       674         60          0         17         16       5813   ds18b20.o
       344         30          0          0          0       1678   gpio.o
       544         64          0         48        100       3783   key.o
       328         16          0          0          0        645   key_event.o
       344         32          0          0         48       3486   led.o
      4308        464          0         20        416      11343   main.o
      1872         38       2889       8080         16      11247   oled.o
       314         20          0        444         64     208596   radio.o
       700         82          0         16         21       4243   radio_app.o
       324         20          0          1          0       5016   radio_comm.o
       188         44          0          0          0       4942   radio_hal.o
       272         36          0          0         20       1611   rtc.o
       572         48          0          0         32       7120   si446x_api_lib.o
       626         34          0         14          0       3816   speak.o
       188         38          0          0         88       1589   spi.o
        36          8        236          0       1024        764   startup_stm32f103xb.o
       108         20          0          4          0       3131   stm32f1xx_hal.o
      1406         56          0          0          0       8354   stm32f1xx_hal_adc.o
       346         22          0          0          0      27394   stm32f1xx_hal_cortex.o
       958         12          0          0          0       4838   stm32f1xx_hal_dma.o
       516         50          0          0         32       4202   stm32f1xx_hal_flash.o
       256         26          0          0          0       2575   stm32f1xx_hal_flash_ex.o
       852         36          0          0          0       3930   stm32f1xx_hal_gpio.o
       148          8          0          0          0     466850   stm32f1xx_hal_msp.o
        84         16          0          0          0       1655   stm32f1xx_hal_pwr.o
      1776        110          0          0          0       5980   stm32f1xx_hal_rcc.o
       592         48          0          0          0       2425   stm32f1xx_hal_rcc_ex.o
      2018         30          0          0          0      14360   stm32f1xx_hal_rtc.o
        48         10          0          0          0       1787   stm32f1xx_hal_rtc_ex.o
      1538          0          0          0          0       5863   stm32f1xx_hal_spi.o
       134          0          0          0          0       1071   stm32f1xx_hal_spi_ex.o
      1048         14          0          0          0       9111   stm32f1xx_hal_tim.o
       102          0          0          0          0       2274   stm32f1xx_hal_tim_ex.o
      2490         40          0          0          0      16153   stm32f1xx_hal_uart.o
       192         54          0          0          0       8564   stm32f1xx_it.o
       336         10          0          0       1024       3526   stm_flash.o
       276         28          0          3          0       1295   stress.o
        88         18         24          4          0       1175   system_stm32f1xx.o
       252         44          0          1         64       2298   tim.o
       262         16          0          0         96       3358   timer.o
       702        118          0          0        400       6494   usart.o
      3170        238          0         10        208      12918   wir433.o

    ----------------------------------------------------------------------
     34316       2656       3184       8676       3868     909768   Object Totals
         0          0         32          0          0          0   (incl. Generated)
        46          0          3         11          3          0   (incl. Padding)

    ----------------------------------------------------------------------

      Code (inc. data)   RO Data    RW Data    ZI Data      Debug   Library Member Name

        94          0          0          0          0          0   __dclz77c.o
         0          0          0          0          0          0   entry.o
         0          0          0          0          0          0   entry10a.o
         0          0          0          0          0          0   entry11a.o
         8          4          0          0          0          0   entry2.o
         4          0          0          0          0          0   entry5.o
         0          0          0          0          0          0   entry7b.o
         0          0          0          0          0          0   entry8b.o
         8          4          0          0          0          0   entry9a.o
        30          0          0          0          0          0   handlers.o
        36          8          0          0          0         68   init.o
         0          0          0          0          0          0   iusefp.o
        30          0          0          0          0         68   llshl.o
        36          0          0          0          0         68   llsshr.o
        32          0          0          0          0         68   llushr.o
        36          0          0          0          0         68   memcpya.o
        20          0          0          0          0         68   cfcmple.o
       334          0          0          0          0        148   dadd.o
       186          0          0          0          0        176   depilogue.o
        50          0          0          0          0         76   dfixui.o
        34          0          0          0          0         76   dflti.o
        26          0          0          0          0         76   dfltui.o
       228          0          0          0          0         96   dmul.o
       110          0          0          0          0        168   fepilogue.o
        50          0          0          0          0         68   ffixi.o
        10          0          0          0          0         68   ffltui.o

    ----------------------------------------------------------------------
      1364         16          0          0          0       1360   Library Totals
         2          0          0          0          0          0   (incl. Padding)

    ----------------------------------------------------------------------

      Code (inc. data)   RO Data    RW Data    ZI Data      Debug   Library Name

       314         16          0          0          0        340   mc_w.l
      1048          0          0          0          0       1020   mf_w.l

    ----------------------------------------------------------------------
      1364         16          0          0          0       1360   Library Totals

    ----------------------------------------------------------------------

==============================================================================


      Code (inc. data)   RO Data    RW Data    ZI Data      Debug   

     35680       2672       3184       8676       3868     895604   Grand Totals
     35680       2672       3184       3180       3868     895604   ELF Image Totals (compressed)
     35680       2672       3184       3180          0          0   ROM Totals

==============================================================================

    Total RO  Size (Code + RO Data)                38864 (  37.95kB)
    Total RW  Size (RW Data + ZI Data)             12544 (  12.25kB)
    Total ROM Size (Code + RO Data + RW Data)      42044 (  41.06kB)

==============================================================================

